Script started on 2026-09-05 10:28:06+00:00 [<not executed on terminal>]
2026-09-05T10:28:06Z
/home/dev/ws_uwb_ie/src/uwb-imu-fusion
feature/uwb-imu-fusion-ie-postprocessing
28d8e9fff8fe08f2210553f4fc1d78e44191f014
/home/dev/ws_uwb_ie/src/uwb-imu-fusion
## feature/uwb-imu-fusion-ie-postprocessing...origin/feature/uwb-imu-fusion-ie-postprocessing
?? AGENTS.md
?? doc/ie_sprint/
AGENTS.md
doc/ie_sprint/REPO_AUDIT.md
doc/ie_sprint/STATUS.md
worktree /home/dev/ws_uwb_ie/src/uwb-imu-fusion
HEAD 28d8e9fff8fe08f2210553f4fc1d78e44191f014
branch refs/heads/feature/uwb-imu-fusion-ie-postprocessing

2e95a7fe49ccf79eec1746355b5e4640e91fdbbe2c385f170ef9052272b2f265  AGENTS.md
5db38a8fa64a9dc856975f66acd65c8d26bce74c6c06a4406f092feb6d601a7d  doc/ie_sprint/STATUS.md
8ac373919823d755d9c1b4ceb807527432d16b69d368042e19aa56d93dc67144  doc/v2/paper_structure.tex
b9bb63b65ebdb8a505bf99b26181318c6c64da1a72817b08cfa61315e2333bdb  doc/v2/v2_roadmap.md
72fa5669d3921097db8305d716592545b72c74fb90c1e5a156d4f2a5d2f6f5ff  doc/ie_sprint/REPO_AUDIT.md

Script done on 2026-09-05 10:28:06+00:00 [COMMAND_EXIT_CODE="0"]
