Script started on 2026-09-05 10:32:03+00:00 [<not executed on terminal>]
UTC=2026-09-05T10:32:03Z
PWD=/home/dev/ws_uwb_ie
COMMAND=time catkin build uwb_imu_fgo --no-status
CMAKE_PREFIX_PATH=/opt/ros/noetic
ROS_PACKAGE_PATH=/opt/ros/noetic/share
LD_LIBRARY_PATH=/opt/ros/noetic/lib
PYTHONPATH=/opt/ros/noetic/lib/python3/dist-packages
SOURCE_HEAD=28d8e9fff8fe08f2210553f4fc1d78e44191f014
[1m[36mInitialized new catkin workspace in `/home/dev/ws_uwb_ie`[0m[0m
[35m[0m[0m
[36mProfile:[0m                     [33mdefault[0m[0m
[36mExtending:[0m             [32m[env][0m[0m [33m/opt/ros/noetic[0m[0m
[36mWorkspace:[0m                   [33m/home/dev/ws_uwb_ie[0m[0m
[35m[0m[0m
[36mBuild Space:[0m        [32m[exists][0m[0m [33m/home/dev/ws_uwb_ie/build[0m[0m
[36mDevel Space:[0m        [32m[exists][0m[0m [33m/home/dev/ws_uwb_ie/devel[0m[0m
[36mInstall Space:[0m      [34m[unused][0m[0m [33m/home/dev/ws_uwb_ie/install[0m[0m
[36mLog Space:[0m         [31m[missing][0m[0m [33m/home/dev/ws_uwb_ie/logs[0m[0m
[36mSource Space:[0m       [32m[exists][0m[0m [33m/home/dev/ws_uwb_ie/src[0m[0m
[36mDESTDIR:[0m            [34m[unused][0m[0m [33mNone[0m[0m
[35m[0m[0m
[36mDevel Space Layout:[0m          [33mlinked[0m[0m
[36mInstall Space Layout:[0m        [33mNone[0m[0m
[35m[0m[0m
[36mAdditional CMake Args:[0m       [33mNone[0m[0m
[36mAdditional Make Args:[0m        [33mNone[0m[0m
[36mAdditional catkin Make Args:[0m [33mNone[0m[0m
[36mInternal Make Job Server:[0m    [33mTrue[0m[0m
[36mCache Job Environments:[0m      [33mFalse[0m[0m
[35m[0m[0m
[36mBuildlisted Packages:[0m        [33mNone[0m[0m
[36mSkiplisted Packages:[0m         [33mNone[0m[0m
[35m[0m[0m
[1m[36mWorkspace configuration appears valid.[0m[0m

[1m[36mNOTE:[0m Forcing CMake to run for each package.[0m
[35m[0m[0m
[build] Found 1 packages in 0.0 seconds.
[build] Updating package table.
Starting  [1m[32m>>>[0m [1m[36mcatkin_tools_prebuild               [0m[0m
[1m[30mFinished[0m  [32m<<<[0m [36mcatkin_tools_prebuild               [0m [ [33m1.1 seconds[0m ][0m
Starting  [1m[32m>>>[0m [1m[36muwb_imu_fgo                         [0m[0m
[1m[31m[0m[0m
[1m[31mErrors[0m    [31m <<[0m [36muwb_imu_fgo[0m:[34mcmake[0m [1m[31m/home/dev/ws_uwb_ie/logs/uwb_imu_fgo/build.cmake.000.log[0m[0m
[31m[1mCMake Error[0m at /opt/ros/noetic/share/catkin/cmake/catkinConfig.cmake:83 (find_package):
  Could not find a package configuration file provided by "uwb_driver" with
  any of the following names:

    uwb_driverConfig.cmake
    uwb_driver-config.cmake

  Add the installation prefix of "uwb_driver" to CMAKE_PREFIX_PATH or set
  "uwb_driver_DIR" to a directory containing one of the above files.  If
  "uwb_driver" provides a separate development package or SDK, be sure it has
  been installed.
[36mCall Stack (most recent call first):[0m
  CMakeLists.txt:10 (find_package)


[1m[30mcd /home/dev/ws_uwb_ie/build/uwb_imu_fgo; catkin build --get-env uwb_imu_fgo | catkin env -si  /usr/bin/cmake /home/dev/ws_uwb_ie/src/uwb-imu-fusion --no-warn-unused-cli -DCATKIN_DEVEL_PREFIX=/home/dev/ws_uwb_ie/devel/.private/uwb_imu_fgo -DCMAKE_INSTALL_PREFIX=/home/dev/ws_uwb_ie/install; cd -[0m
[0m
[31m[0m[0m
[1m[31mFailed[0m    [31m <<[0m [36muwb_imu_fgo[0m:[34mcmake                    [0m[ [33mExited with code [1m[33m1[0m ][0m
[1m[31mFailed[0m    [31m<<<[0m [36muwb_imu_fgo                         [0m [ [33m0.9 seconds[0m ][0m
[build] [3m[1m[33mSummary:[0m [3m[1m1[0m [3mof [1m2[0m [3mpackages succeeded.[0m[0m
[build]   [3m[1m[30mIgnored:   None.[0m[0m
[build]   [3m[1m[30mWarnings:  None.[0m[0m
[build]   [3m[1m[30mAbandoned: None.[0m[0m
[build]   [3m[1m[31mFailed:[0m    [3m[1m1[0m [3mpackages failed.[0m[0m
[build] [3m[1mRuntime:[0m [3m2.0 seconds total.[0m[0m
[build] [3m[1mNote:[0m [3mWorkspace packages have changed, please re-source setup files to use them.[0m[0m

real	0m2.159s
user	0m1.278s
sys	0m0.742s
BUILD_EXIT_CODE=1

Script done on 2026-09-05 10:32:05+00:00 [COMMAND_EXIT_CODE="1"]
