Script started on 2026-09-05 10:33:23+00:00 [<not executed on terminal>]
2026-09-05T10:33:23Z
vicon/calib files
464464774	/home/dev/Dataset/calib/2025-10-31-16-05-17.bag
977758	/home/dev/Dataset/calib/exp3/2025-10-24-15-48-55_vicon_lidar_uwb_imu_obstacle_LIO.txt
4240341	/home/dev/Dataset/calib/exp3/2025-10-24-15-48-55_vicon_lidar_uwb_imu_obstacle_LIO_map.pcd
977579	/home/dev/Dataset/calib/exp3/detect_off/2025-10-24-15-48-55_vicon_lidar_uwb_imu_obstacle_LIUO.txt
343829	/home/dev/Dataset/calib/exp3/detect_off/2025-10-24-15-48-55_vicon_lidar_uwb_imu_obstacle_LIUO_map.pcd
576788	/home/dev/Dataset/calib/fix/2025-10-24-15-31-28_vicon_lidar_uwb_imu_no_obstacle_LIUO.txt
339285	/home/dev/Dataset/calib/fix/2025-10-24-15-31-28_vicon_lidar_uwb_imu_no_obstacle_LIUO_map.pcd
1801758	/home/dev/Dataset/calib/gt_2025-10-24-15-31-28_vicon_lidar_uwb_imu_no_obstacle.txt
34981312	/home/dev/Dataset/calib/gt_map.pcd
576823	/home/dev/Dataset/calib/noise0.5_opt/2025-10-24-15-31-28_vicon_lidar_uwb_imu_no_obstacle_LIUO.txt
339224	/home/dev/Dataset/calib/noise0.5_opt/2025-10-24-15-31-28_vicon_lidar_uwb_imu_no_obstacle_LIUO_map.pcd
577172	/home/dev/Dataset/calib/nosie0.5_no_opt/2025-10-24-15-31-28_vicon_lidar_uwb_imu_no_obstacle_LIUO.txt
343558	/home/dev/Dataset/calib/nosie0.5_no_opt/2025-10-24-15-31-28_vicon_lidar_uwb_imu_no_obstacle_LIUO_map.pcd
4887	/home/dev/Dataset/calib/nosie0.5_no_opt/ct_odometry_uwb_vicon.yaml
1513552	/home/dev/Dataset/calib/trajectory_comparison.png
322839	/home/dev/Dataset/calib/uwb_anchors.txt
483306	/home/dev/Dataset/calib/uwb_anchors_errors.png
290399	/home/dev/Dataset/calib/uwb_anchors_errors_anchor1.png
331584	/home/dev/Dataset/calib/uwb_anchors_errors_anchor2.png
363783	/home/dev/Dataset/calib/uwb_anchors_errors_anchor3.png
405919	/home/dev/Dataset/calib/uwb_anchors_errors_anchor4.png
316662	/home/dev/Dataset/calib/uwb_anchors_euclidean_errors.png
195912	/home/dev/Dataset/calib/uwb_anchors_euclidean_errors_euclidean_anchor1.png
200134	/home/dev/Dataset/calib/uwb_anchors_euclidean_errors_euclidean_anchor2.png
206696	/home/dev/Dataset/calib/uwb_anchors_euclidean_errors_euclidean_anchor3.png
219656	/home/dev/Dataset/calib/uwb_anchors_euclidean_errors_euclidean_anchor4.png
166595	/home/dev/Dataset/calib/uwb_anchors_plot.png
344492569	/home/dev/Dataset/vicon/2025-10-24-15-31-28_vicon_lidar_uwb_imu_no_obstacle.bag
315996988	/home/dev/Dataset/vicon/2025-10-24-15-46-27_vicon_lidar_uwb_imu_obstacle.bag
576006616	/home/dev/Dataset/vicon/2025-10-24-15-48-55_vicon_lidar_uwb_imu_obstacle.bag
576889	/home/dev/Dataset/vicon/LOS/cocolic/2025-10-24-15-31-28_vicon_lidar_uwb_imu_no_obstacle_LIO.txt
340930	/home/dev/Dataset/vicon/LOS/cocolic/2025-10-24-15-31-28_vicon_lidar_uwb_imu_no_obstacle_LIO_map.pcd
148470237	/home/dev/Dataset/vicon/LOS/fastlio/fastlio_vicon_los.pcd
65781	/home/dev/Dataset/vicon/LOS/fastlio/fastlio_vicon_los.txt
63793	/home/dev/Dataset/vicon/LOS/fastlio/fastlio_vicon_los_synced.txt
1801622	/home/dev/Dataset/vicon/LOS/gt_2025-10-24-15-31-28_vicon_lidar_uwb_imu_no_obstacle.txt
1821193	/home/dev/Dataset/vicon/LOS/gt_2025-10-24-15-31-28_vicon_lidar_uwb_imu_no_obstacle_relative.txt
1691006	/home/dev/Dataset/vicon/LOS/gt_2025-10-24-15-31-28_vicon_lidar_uwb_imu_no_obstacle_reltime.txt
70120	/home/dev/Dataset/vicon/LOS/iu_pose_v_los.txt
68486	/home/dev/Dataset/vicon/LOS/iu_pose_v_los_x2.txt
1886926	/home/dev/Dataset/vicon/LOS/liosam_vicon_los/CornerMap.pcd
17656976	/home/dev/Dataset/vicon/LOS/liosam_vicon_los/GlobalMap.pcd
15770238	/home/dev/Dataset/vicon/LOS/liosam_vicon_los/SurfMap.pcd
31797	/home/dev/Dataset/vicon/LOS/liosam_vicon_los/lio_sam_poses_20251217_110332.txt
3320	/home/dev/Dataset/vicon/LOS/liosam_vicon_los/trajectory.pcd
7284	/home/dev/Dataset/vicon/LOS/liosam_vicon_los/transformations.pcd
14433	/home/dev/Dataset/vicon/LOS/liosam_vicon_los/vicon_los_liosam.txt
576206	/home/dev/Dataset/vicon/LOS/loss/vicon_los_cauchy.txt
622580	/home/dev/Dataset/vicon/LOS/loss/vicon_los_cauchy_time_aligned.txt
575746	/home/dev/Dataset/vicon/LOS/loss/vicon_los_huber.txt
622174	/home/dev/Dataset/vicon/LOS/loss/vicon_los_huber_time_aligned.txt
576888	/home/dev/Dataset/vicon/LOS/ours/2025-10-24-15-31-28_vicon_lidar_uwb_imu_no_obstacle_LIUO.txt
341067	/home/dev/Dataset/vicon/LOS/ours/2025-10-24-15-31-28_vicon_lidar_uwb_imu_no_obstacle_LIUO_map.pcd
577135	/home/dev/Dataset/vicon/LOS/ours/2025-10-24-15-31-28_vicon_lidar_uwb_imu_no_obstacle_LIUO_time_aligned.txt
576721	/home/dev/Dataset/vicon/LOS/ours_full/2025-10-24-15-31-28_vicon_lidar_uwb_imu_no_obstacle_LIUO.txt
339020	/home/dev/Dataset/vicon/LOS/ours_full/2025-10-24-15-31-28_vicon_lidar_uwb_imu_no_obstacle_LIUO_map.pcd
576973	/home/dev/Dataset/vicon/LOS/ours_full/2025-10-24-15-31-28_vicon_lidar_uwb_imu_no_obstacle_LIUO_time_aligned.txt
31895	/home/dev/Dataset/vicon/LOS/ulio_vicon_los.txt
32143	/home/dev/Dataset/vicon/LOS/ulio_vicon_los_time_aligned.txt
31842	/home/dev/Dataset/vicon/LOS/uliosam_vicon_los.txt
32093	/home/dev/Dataset/vicon/LOS/uliosam_vicon_los_time_aligned.txt
315996988	/home/dev/Dataset/vicon/NLOS/46/2025-10-24-15-46-27_vicon_lidar_uwb_imu_obstacle.bag
527465	/home/dev/Dataset/vicon/NLOS/46/2025-10-24-15-46-27_vicon_lidar_uwb_imu_obstacle_LIUO.txt
4378695	/home/dev/Dataset/vicon/NLOS/46/2025-10-24-15-46-27_vicon_lidar_uwb_imu_obstacle_LIUO_map.pcd
21512	/home/dev/Dataset/vicon/NLOS/46/2025-10-24-15-46-27_vicon_lidar_uwb_imu_obstacle_LIUO_nlos_obstacles.pcd
2424303	/home/dev/Dataset/vicon/NLOS/46/2025-10-24-15-46-27_vicon_lidar_uwb_imu_obstacle_LIUO_nlos_timeseries.txt
8708	/home/dev/Dataset/vicon/NLOS/46/README_TRAJECTORY_VISUALIZATION.md
19722	/home/dev/Dataset/vicon/NLOS/46/__pycache__/nlos_evaluation_english.cpython-38.pyc
96	/home/dev/Dataset/vicon/NLOS/46/anchors.txt
2930	/home/dev/Dataset/vicon/NLOS/46/evaluation_results/algo_occlusion_points.pcd
196799	/home/dev/Dataset/vicon/NLOS/46/evaluation_results/confusion_matrix.png
1874	/home/dev/Dataset/vicon/NLOS/46/evaluation_results/evaluation_report.txt
20676	/home/dev/Dataset/vicon/NLOS/46/evaluation_results/gt_occlusion_points.pcd
450	/home/dev/Dataset/vicon/NLOS/46/evaluation_results/nlos_performance_table.tex
222271	/home/dev/Dataset/vicon/NLOS/46/evaluation_results/nlos_rate_comparison.png
6134	/home/dev/Dataset/vicon/NLOS/46/evaluation_results/occlusion_points_3d.png
257925	/home/dev/Dataset/vicon/NLOS/46/evaluation_results/per_anchor_performance.png
371778	/home/dev/Dataset/vicon/NLOS/46/evaluation_results/temporal_comparison.png
230908	/home/dev/Dataset/vicon/NLOS/46/evaluation_results_spatial/anchor_performance_spatial.png
12274	/home/dev/Dataset/vicon/NLOS/46/evaluation_results_spatial/detections_tp_fp_colored.pcd
303032	/home/dev/Dataset/vicon/NLOS/46/evaluation_results_spatial/distance_distribution.png
238	/home/dev/Dataset/vicon/NLOS/46/evaluation_results_spatial/fp_detections_red.pcd
8610	/home/dev/Dataset/vicon/NLOS/46/evaluation_results_spatial/gt_obstacles_grey.pcd
1732	/home/dev/Dataset/vicon/NLOS/46/evaluation_results_spatial/spatial_evaluation_report.txt
6134	/home/dev/Dataset/vicon/NLOS/46/evaluation_results_spatial/spatial_matching_3d.png
12210	/home/dev/Dataset/vicon/NLOS/46/evaluation_results_spatial/tp_detections_green.pcd
244	/home/dev/Dataset/vicon/NLOS/46/extrinsic.txt
1509395	/home/dev/Dataset/vicon/NLOS/46/gt_2025-10-24-15-46-27_vicon_lidar_uwb_imu_obstacle.txt
31538	/home/dev/Dataset/vicon/NLOS/46/gt_compare.py
28775	/home/dev/Dataset/vicon/NLOS/46/gt_compare_bbox.py
27542	/home/dev/Dataset/vicon/NLOS/46/gt_compare_spatial.py
0	/home/dev/Dataset/vicon/NLOS/46/gt_nlos.py
51781	/home/dev/Dataset/vicon/NLOS/46/gt_obstacles.py
19919	/home/dev/Dataset/vicon/NLOS/46/nlos_evaluation.py
38561	/home/dev/Dataset/vicon/NLOS/46/nlos_evaluation_english.py
3370	/home/dev/Dataset/vicon/NLOS/46/obstacle.txt
1460068	/home/dev/Dataset/vicon/NLOS/46/obstacles_output/nlos_ground_truth_timeseries.csv
5471383	/home/dev/Dataset/vicon/NLOS/46/obstacles_output/nlos_ground_truth_timeseries.json
1780977	/home/dev/Dataset/vicon/NLOS/46/obstacles_output/nlos_ground_truth_timeseries.txt
6492	/home/dev/Dataset/vicon/NLOS/46/obstacles_output/nlos_points_all.pcd
8610	/home/dev/Dataset/vicon/NLOS/46/obstacles_output/obstacle_01_anchors_1_2_3_4.pcd
676	/home/dev/Dataset/vicon/NLOS/46/obstacles_output/obstacles_ground_truth.json
449	/home/dev/Dataset/vicon/NLOS/46/obstacles_output/obstacles_ground_truth.txt
399849	/home/dev/Dataset/vicon/NLOS/46/obstacles_output/obstacles_statistics.png
121158	/home/dev/Dataset/vicon/NLOS/46/res/2.png
620023	/home/dev/Dataset/vicon/NLOS/46/res/Figure_1.png
1467	/home/dev/Dataset/vicon/NLOS/46/res/evaluation_summary.txt
654295	/home/dev/Dataset/vicon/NLOS/46/res/nlos_detection_results.txt
251	/home/dev/Dataset/vicon/NLOS/46/res/nlos_statistics.txt
172	/home/dev/Dataset/vicon/NLOS/46/res/obstacle_bbox.txt
21638	/home/dev/Dataset/vicon/NLOS/46/visualize_trajectories.py
0	/home/dev/Dataset/vicon/NLOS/48/2025-10-24-15-48-55_vicon_lidar_uwb_imu_obstacle.bag
4562	/home/dev/Dataset/vicon/NLOS/48/2025-10-24-15-48-55_vicon_lidar_uwb_imu_obstacle.txt
340971	/home/dev/Dataset/vicon/NLOS/48/2025-10-24-15-48-55_vicon_lidar_uwb_imu_obstacle_LIO_map.pcd
949396	/home/dev/Dataset/vicon/NLOS/48/3d_environment.png
926860	/home/dev/Dataset/vicon/NLOS/48/3d_environment_nlos.png
96	/home/dev/Dataset/vicon/NLOS/48/anchors.txt
104568	/home/dev/Dataset/vicon/NLOS/48/error_by_anchor_nlos.png
140346	/home/dev/Dataset/vicon/NLOS/48/error_distribution.png
161075	/home/dev/Dataset/vicon/NLOS/48/error_distribution_nlos.png
2773930	/home/dev/Dataset/vicon/NLOS/48/groundtruth_2025-10-24-15-48-55_vicon_lidar_uwb_imu_obstacle.txt
977769	/home/dev/Dataset/vicon/NLOS/48/gt_2025-10-24-15-48-55_vicon_lidar_uwb_imu_obstacle_LIO.txt
116288	/home/dev/Dataset/vicon/NLOS/48/iu_pose_v_nlos48.txt
1891534	/home/dev/Dataset/vicon/NLOS/48/liosam_vicon_nlos_48/CornerMap.pcd
17032992	/home/dev/Dataset/vicon/NLOS/48/liosam_vicon_nlos_48/GlobalMap.pcd
15141646	/home/dev/Dataset/vicon/NLOS/48/liosam_vicon_nlos_48/SurfMap.pcd
53451	/home/dev/Dataset/vicon/NLOS/48/liosam_vicon_nlos_48/lio_sam_poses_20251217_110907.txt
3320	/home/dev/Dataset/vicon/NLOS/48/liosam_vicon_nlos_48/trajectory.pcd
7284	/home/dev/Dataset/vicon/NLOS/48/liosam_vicon_nlos_48/transformations.pcd
14486	/home/dev/Dataset/vicon/NLOS/48/liosam_vicon_nlos_48/vicon_nlos48_liosam.txt
2985416	/home/dev/Dataset/vicon/NLOS/48/nlos_evaluation_results.txt
3153123	/home/dev/Dataset/vicon/NLOS/48/nlos_evaluation_results_new.txt
5629	/home/dev/Dataset/vicon/NLOS/48/nlos_evaluation_summary.txt
1612	/home/dev/Dataset/vicon/NLOS/48/nlos_evaluation_summary_new.txt
276326	/home/dev/Dataset/vicon/NLOS/48/nlos_ratio_vs_time.png
146000	/home/dev/Dataset/vicon/NLOS/48/nlos_ratio_vs_time_new.png
879823	/home/dev/Dataset/vicon/NLOS/48/nlos_snapshot_0000.png
877068	/home/dev/Dataset/vicon/NLOS/48/nlos_snapshot_0676.png
875865	/home/dev/Dataset/vicon/NLOS/48/nlos_snapshot_1352.png
876123	/home/dev/Dataset/vicon/NLOS/48/nlos_snapshot_1521.png
865333	/home/dev/Dataset/vicon/NLOS/48/nlos_snapshot_2028.png
859701	/home/dev/Dataset/vicon/NLOS/48/nlos_snapshot_2704.png
814194	/home/dev/Dataset/vicon/NLOS/48/nlos_snapshot_3042.png
785519	/home/dev/Dataset/vicon/NLOS/48/nlos_snapshot_3380.png
872186	/home/dev/Dataset/vicon/NLOS/48/nlos_snapshot_4056.png
867992	/home/dev/Dataset/vicon/NLOS/48/nlos_snapshot_4563.png
875170	/home/dev/Dataset/vicon/NLOS/48/nlos_snapshot_4732.png
863797	/home/dev/Dataset/vicon/NLOS/48/nlos_snapshot_5408.png
879918	/home/dev/Dataset/vicon/NLOS/48/nlos_snapshot_6085.png
2852218	/home/dev/Dataset/vicon/NLOS/48/ranging_error_by_anchor.png
607137	/home/dev/Dataset/vicon/NLOS/48/ranging_error_vs_time.png
461952	/home/dev/Dataset/vicon/NLOS/48/ranging_error_vs_time_nlos.png
348000057	/home/dev/Dataset/vicon/NLOS/OneDrive_1_11-9-2025.zip
3093069	/home/dev/Dataset/vicon/NLOS/building/2025-04-25-11-30-21_uwb_lidar_imu_LIUO.txt
12122171	/home/dev/Dataset/vicon/NLOS/building/2025-04-25-11-30-21_uwb_lidar_imu_LIUO_map.pcd
45370	/home/dev/Dataset/vicon/NLOS/building/2025-04-25-11-30-21_uwb_lidar_imu_LIUO_nlos_obstacles.pcd
13268104	/home/dev/Dataset/vicon/NLOS/building/2025-04-25-11-30-21_uwb_lidar_imu_LIUO_nlos_timeseries.txt
14966663	/home/dev/Dataset/vicon/NLOS/building/2025-04-25-11-30-21_uwb_lidar_imu_LIUO_nlos_timing.txt
351676	/home/dev/Dataset/vicon/NLOS/building/2025-04-25-11-30-21_uwb_lidar_imu_LIUO_nlos_timing_analysis/1_timing_overview.png
268603	/home/dev/Dataset/vicon/NLOS/building/2025-04-25-11-30-21_uwb_lidar_imu_LIUO_nlos_timing_analysis/2_module_breakdown.png
380705	/home/dev/Dataset/vicon/NLOS/building/2025-04-25-11-30-21_uwb_lidar_imu_LIUO_nlos_timing_analysis/3_per_anchor_analysis.png
4228235	/home/dev/Dataset/vicon/NLOS/building/2025-04-25-11-30-21_uwb_lidar_imu_LIUO_nlos_timing_analysis/4_time_series.png
1517687	/home/dev/Dataset/vicon/NLOS/building/2025-04-25-11-30-21_uwb_lidar_imu_LIUO_nlos_timing_analysis/5_timing_vs_data_size.png
280495	/home/dev/Dataset/vicon/NLOS/building/2025-04-25-11-30-21_uwb_lidar_imu_LIUO_nlos_timing_analysis/6_cdf.png
2619	/home/dev/Dataset/vicon/NLOS/building/2025-04-25-11-30-21_uwb_lidar_imu_LIUO_nlos_timing_analysis/timing_analysis_summary.txt
474	/home/dev/Dataset/vicon/NLOS/building/DepthCamera_2025-11-09-05-28-29.json
119604	/home/dev/Dataset/vicon/NLOS/building/DepthCapture_2025-11-09-05-28-29.png
9675	/home/dev/Dataset/vicon/NLOS/building/EVALUATION_SUMMARY.md
243743	/home/dev/Dataset/vicon/NLOS/building/Figure_1.png
3637	/home/dev/Dataset/vicon/NLOS/building/README_EVALUATION.md
9254	/home/dev/Dataset/vicon/NLOS/building/README_NLOS_Extraction.md
6188	/home/dev/Dataset/vicon/NLOS/building/TIME_ALIGNMENT_FIX.md
8786	/home/dev/Dataset/vicon/NLOS/building/UPDATE_LOG.md
10030	/home/dev/Dataset/vicon/NLOS/building/add_obstacle_id.py
30607	/home/dev/Dataset/vicon/NLOS/building/analyze_nlos_timing.py
434	/home/dev/Dataset/vicon/NLOS/building/anchors.txt
4428	/home/dev/Dataset/vicon/NLOS/building/evaluation_results/README.md
8530	/home/dev/Dataset/vicon/NLOS/building/evaluation_results/algo_occlusion_points.pcd
188288	/home/dev/Dataset/vicon/NLOS/building/evaluation_results/confusion_matrix.png
2481	/home/dev/Dataset/vicon/NLOS/building/evaluation_results/evaluation_report.txt
41348	/home/dev/Dataset/vicon/NLOS/building/evaluation_results/gt_occlusion_points.pcd
450	/home/dev/Dataset/vicon/NLOS/building/evaluation_results/nlos_performance_table.tex
293891	/home/dev/Dataset/vicon/NLOS/building/evaluation_results/nlos_rate_comparison.png
6134	/home/dev/Dataset/vicon/NLOS/building/evaluation_results/occlusion_points_3d.png
338406	/home/dev/Dataset/vicon/NLOS/building/evaluation_results/per_anchor_performance.png
446804	/home/dev/Dataset/vicon/NLOS/building/evaluation_results/temporal_comparison.png
9873	/home/dev/Dataset/vicon/NLOS/building/evaluation_results_bbox/EVALUATION_METHODS_COMPARISON.md
309939	/home/dev/Dataset/vicon/NLOS/building/evaluation_results_bbox/anchor_performance_bbox.png
586	/home/dev/Dataset/vicon/NLOS/building/evaluation_results_bbox/bbox_00.ply
586	/home/dev/Dataset/vicon/NLOS/building/evaluation_results_bbox/bbox_01.ply
586	/home/dev/Dataset/vicon/NLOS/building/evaluation_results_bbox/bbox_02.ply
586	/home/dev/Dataset/vicon/NLOS/building/evaluation_results_bbox/bbox_03.ply
586	/home/dev/Dataset/vicon/NLOS/building/evaluation_results_bbox/bbox_04.ply
586	/home/dev/Dataset/vicon/NLOS/building/evaluation_results_bbox/bbox_05.ply
586	/home/dev/Dataset/vicon/NLOS/building/evaluation_results_bbox/bbox_06.ply
586	/home/dev/Dataset/vicon/NLOS/building/evaluation_results_bbox/bbox_07.ply
586	/home/dev/Dataset/vicon/NLOS/building/evaluation_results_bbox/bbox_08.ply
586	/home/dev/Dataset/vicon/NLOS/building/evaluation_results_bbox/bbox_09.ply
586	/home/dev/Dataset/vicon/NLOS/building/evaluation_results_bbox/bbox_10.ply
586	/home/dev/Dataset/vicon/NLOS/building/evaluation_results_bbox/bbox_11.ply
586	/home/dev/Dataset/vicon/NLOS/building/evaluation_results_bbox/bbox_12.ply
586	/home/dev/Dataset/vicon/NLOS/building/evaluation_results_bbox/bbox_13.ply
586	/home/dev/Dataset/vicon/NLOS/building/evaluation_results_bbox/bbox_14.ply
586	/home/dev/Dataset/vicon/NLOS/building/evaluation_results_bbox/bbox_15.ply
586	/home/dev/Dataset/vicon/NLOS/building/evaluation_results_bbox/bbox_16.ply
586	/home/dev/Dataset/vicon/NLOS/building/evaluation_results_bbox/bbox_17.ply
586	/home/dev/Dataset/vicon/NLOS/building/evaluation_results_bbox/bbox_18.ply
586	/home/dev/Dataset/vicon/NLOS/building/evaluation_results_bbox/bbox_19.ply
586	/home/dev/Dataset/vicon/NLOS/building/evaluation_results_bbox/bbox_20.ply
586	/home/dev/Dataset/vicon/NLOS/building/evaluation_results_bbox/bbox_21.ply
586	/home/dev/Dataset/vicon/NLOS/building/evaluation_results_bbox/bbox_22.ply
586	/home/dev/Dataset/vicon/NLOS/building/evaluation_results_bbox/bbox_23.ply
586	/home/dev/Dataset/vicon/NLOS/building/evaluation_results_bbox/bbox_24.ply
586	/home/dev/Dataset/vicon/NLOS/building/evaluation_results_bbox/bbox_25.ply
586	/home/dev/Dataset/vicon/NLOS/building/evaluation_results_bbox/bbox_26.ply
586	/home/dev/Dataset/vicon/NLOS/building/evaluation_results_bbox/bbox_27.ply
586	/home/dev/Dataset/vicon/NLOS/building/evaluation_results_bbox/bbox_28.ply
586	/home/dev/Dataset/vicon/NLOS/building/evaluation_results_bbox/bbox_29.ply
586	/home/dev/Dataset/vicon/NLOS/building/evaluation_results_bbox/bbox_30.ply
586	/home/dev/Dataset/vicon/NLOS/building/evaluation_results_bbox/bbox_31.ply
586	/home/dev/Dataset/vicon/NLOS/building/evaluation_results_bbox/bbox_32.ply
586	/home/dev/Dataset/vicon/NLOS/building/evaluation_results_bbox/bbox_33.ply
586	/home/dev/Dataset/vicon/NLOS/building/evaluation_results_bbox/bbox_34.ply
586	/home/dev/Dataset/vicon/NLOS/building/evaluation_results_bbox/bbox_35.ply
586	/home/dev/Dataset/vicon/NLOS/building/evaluation_results_bbox/bbox_36.ply
586	/home/dev/Dataset/vicon/NLOS/building/evaluation_results_bbox/bbox_37.ply
586	/home/dev/Dataset/vicon/NLOS/building/evaluation_results_bbox/bbox_38.ply
586	/home/dev/Dataset/vicon/NLOS/building/evaluation_results_bbox/bbox_39.ply
586	/home/dev/Dataset/vicon/NLOS/building/evaluation_results_bbox/bbox_40.ply
586	/home/dev/Dataset/vicon/NLOS/building/evaluation_results_bbox/bbox_41.ply
586	/home/dev/Dataset/vicon/NLOS/building/evaluation_results_bbox/bbox_42.ply
586	/home/dev/Dataset/vicon/NLOS/building/evaluation_results_bbox/bbox_43.ply
586	/home/dev/Dataset/vicon/NLOS/building/evaluation_results_bbox/bbox_44.ply
586	/home/dev/Dataset/vicon/NLOS/building/evaluation_results_bbox/bbox_45.ply
586	/home/dev/Dataset/vicon/NLOS/building/evaluation_results_bbox/bbox_46.ply
586	/home/dev/Dataset/vicon/NLOS/building/evaluation_results_bbox/bbox_47.ply
586	/home/dev/Dataset/vicon/NLOS/building/evaluation_results_bbox/bbox_48.ply
586	/home/dev/Dataset/vicon/NLOS/building/evaluation_results_bbox/bbox_49.ply
586	/home/dev/Dataset/vicon/NLOS/building/evaluation_results_bbox/bbox_50.ply
586	/home/dev/Dataset/vicon/NLOS/building/evaluation_results_bbox/bbox_51.ply
586	/home/dev/Dataset/vicon/NLOS/building/evaluation_results_bbox/bbox_52.ply
586	/home/dev/Dataset/vicon/NLOS/building/evaluation_results_bbox/bbox_53.ply
586	/home/dev/Dataset/vicon/NLOS/building/evaluation_results_bbox/bbox_54.ply
586	/home/dev/Dataset/vicon/NLOS/building/evaluation_results_bbox/bbox_55.ply
586	/home/dev/Dataset/vicon/NLOS/building/evaluation_results_bbox/bbox_56.ply
202587	/home/dev/Dataset/vicon/NLOS/building/evaluation_results_bbox/confusion_matrix_bbox.png
1728	/home/dev/Dataset/vicon/NLOS/building/evaluation_results_bbox/fp_detections_red.pcd
460	/home/dev/Dataset/vicon/NLOS/building/evaluation_results_bbox/nlos_performance_bbox.tex
153409	/home/dev/Dataset/vicon/NLOS/building/evaluation_results_bbox/obstacle_coverage_bbox.png
3122	/home/dev/Dataset/vicon/NLOS/building/evaluation_results_bbox/tp_detections_green.pcd
234532	/home/dev/Dataset/vicon/NLOS/building/evaluation_results_obstacle_based/confusion_matrix.png
207358	/home/dev/Dataset/vicon/NLOS/building/evaluation_results_obstacle_based/obstacle_detection_summary.png
3986	/home/dev/Dataset/vicon/NLOS/building/evaluation_results_radius_matching/algo_occlusion_points.pcd
197914	/home/dev/Dataset/vicon/NLOS/building/evaluation_results_radius_matching/confusion_matrix.png
2482	/home/dev/Dataset/vicon/NLOS/building/evaluation_results_radius_matching/evaluation_report.txt
28132	/home/dev/Dataset/vicon/NLOS/building/evaluation_results_radius_matching/gt_occlusion_points.pcd
446	/home/dev/Dataset/vicon/NLOS/building/evaluation_results_radius_matching/nlos_performance_table.tex
295501	/home/dev/Dataset/vicon/NLOS/building/evaluation_results_radius_matching/nlos_rate_comparison.png
6134	/home/dev/Dataset/vicon/NLOS/building/evaluation_results_radius_matching/occlusion_points_3d.png
252504	/home/dev/Dataset/vicon/NLOS/building/evaluation_results_radius_matching/per_anchor_performance.png
542175	/home/dev/Dataset/vicon/NLOS/building/evaluation_results_radius_matching/temporal_comparison.png
2930	/home/dev/Dataset/vicon/NLOS/building/evaluation_results_radius_search/algo_occlusion_points.pcd
197782	/home/dev/Dataset/vicon/NLOS/building/evaluation_results_radius_search/confusion_matrix.png
1874	/home/dev/Dataset/vicon/NLOS/building/evaluation_results_radius_search/evaluation_report.txt
20676	/home/dev/Dataset/vicon/NLOS/building/evaluation_results_radius_search/gt_occlusion_points.pcd
445	/home/dev/Dataset/vicon/NLOS/building/evaluation_results_radius_search/nlos_performance_table.tex
222271	/home/dev/Dataset/vicon/NLOS/building/evaluation_results_radius_search/nlos_rate_comparison.png
6134	/home/dev/Dataset/vicon/NLOS/building/evaluation_results_radius_search/occlusion_points_3d.png
213335	/home/dev/Dataset/vicon/NLOS/building/evaluation_results_radius_search/per_anchor_performance.png
371778	/home/dev/Dataset/vicon/NLOS/building/evaluation_results_radius_search/temporal_comparison.png
7877	/home/dev/Dataset/vicon/NLOS/building/evaluation_results_spatial/COMPARISON_ANALYSIS.md
291053	/home/dev/Dataset/vicon/NLOS/building/evaluation_results_spatial/anchor_performance_spatial.png
22660	/home/dev/Dataset/vicon/NLOS/building/evaluation_results_spatial/detections_tp_fp_colored.pcd
299811	/home/dev/Dataset/vicon/NLOS/building/evaluation_results_spatial/distance_distribution.png
4002	/home/dev/Dataset/vicon/NLOS/building/evaluation_results_spatial/fp_detections_red.pcd
121508	/home/dev/Dataset/vicon/NLOS/building/evaluation_results_spatial/gt_obstacles_grey.pcd
2081	/home/dev/Dataset/vicon/NLOS/building/evaluation_results_spatial/spatial_evaluation_report.txt
6134	/home/dev/Dataset/vicon/NLOS/building/evaluation_results_spatial/spatial_matching_3d.png
18836	/home/dev/Dataset/vicon/NLOS/building/evaluation_results_spatial/tp_detections_green.pcd
3986	/home/dev/Dataset/vicon/NLOS/building/evaluation_results_spatial_unified/algo_occlusion_points.pcd
196606	/home/dev/Dataset/vicon/NLOS/building/evaluation_results_spatial_unified/confusion_matrix.png
2482	/home/dev/Dataset/vicon/NLOS/building/evaluation_results_spatial_unified/evaluation_report.txt
28132	/home/dev/Dataset/vicon/NLOS/building/evaluation_results_spatial_unified/gt_occlusion_points.pcd
450	/home/dev/Dataset/vicon/NLOS/building/evaluation_results_spatial_unified/nlos_performance_table.tex
295501	/home/dev/Dataset/vicon/NLOS/building/evaluation_results_spatial_unified/nlos_rate_comparison.png
6134	/home/dev/Dataset/vicon/NLOS/building/evaluation_results_spatial_unified/occlusion_points_3d.png
267771	/home/dev/Dataset/vicon/NLOS/building/evaluation_results_spatial_unified/per_anchor_performance.png
542175	/home/dev/Dataset/vicon/NLOS/building/evaluation_results_spatial_unified/temporal_comparison.png
247	/home/dev/Dataset/vicon/NLOS/building/extrinsic.txt
3166270	/home/dev/Dataset/vicon/NLOS/building/gt_building_2025-04-25-11-31-55_enu_transformed.txt
31540	/home/dev/Dataset/vicon/NLOS/building/gt_compare.py
28775	/home/dev/Dataset/vicon/NLOS/building/gt_compare_bbox.py
27546	/home/dev/Dataset/vicon/NLOS/building/gt_compare_spatial.py
51772	/home/dev/Dataset/vicon/NLOS/building/gt_obstacles.py
3715746	/home/dev/Dataset/vicon/NLOS/building/obstacles_output/nlos_ground_truth_timeseries.csv
13533173	/home/dev/Dataset/vicon/NLOS/building/obstacles_output/nlos_ground_truth_timeseries.json
4267914	/home/dev/Dataset/vicon/NLOS/building/obstacles_output/nlos_ground_truth_timeseries.txt
125032	/home/dev/Dataset/vicon/NLOS/building/obstacles_output/nlos_points_all.pcd
5426	/home/dev/Dataset/vicon/NLOS/building/obstacles_output/obstacle_01_anchors_10_11.pcd
2626	/home/dev/Dataset/vicon/NLOS/building/obstacles_output/obstacle_02_anchors_2_3.pcd
4082	/home/dev/Dataset/vicon/NLOS/building/obstacles_output/obstacle_03_anchors_2_3.pcd
3682	/home/dev/Dataset/vicon/NLOS/building/obstacles_output/obstacle_04_anchors_1_2_3.pcd
1648	/home/dev/Dataset/vicon/NLOS/building/obstacles_output/obstacle_05_anchors_1_3.pcd
3874	/home/dev/Dataset/vicon/NLOS/building/obstacles_output/obstacle_06_anchors_9.pcd
11122	/home/dev/Dataset/vicon/NLOS/building/obstacles_output/obstacle_07_anchors_8_9.pcd
800	/home/dev/Dataset/vicon/NLOS/building/obstacles_output/obstacle_08_anchors_1.pcd
4610	/home/dev/Dataset/vicon/NLOS/building/obstacles_output/obstacle_09_anchors_1_3.pcd
4146	/home/dev/Dataset/vicon/NLOS/building/obstacles_output/obstacle_10_anchors_7_9.pcd
2098	/home/dev/Dataset/vicon/NLOS/building/obstacles_output/obstacle_11_anchors_2.pcd
576	/home/dev/Dataset/vicon/NLOS/building/obstacles_output/obstacle_12_anchors_6.pcd
5922	/home/dev/Dataset/vicon/NLOS/building/obstacles_output/obstacle_13_anchors_2_3.pcd
3602	/home/dev/Dataset/vicon/NLOS/building/obstacles_output/obstacle_14_anchors_4.pcd
2674	/home/dev/Dataset/vicon/NLOS/building/obstacles_output/obstacle_15_anchors_1_3.pcd
3266	/home/dev/Dataset/vicon/NLOS/building/obstacles_output/obstacle_16_anchors_1_3.pcd
3362	/home/dev/Dataset/vicon/NLOS/building/obstacles_output/obstacle_17_anchors_3.pcd
4210	/home/dev/Dataset/vicon/NLOS/building/obstacles_output/obstacle_18_anchors_2_4.pcd
704	/home/dev/Dataset/vicon/NLOS/building/obstacles_output/obstacle_19_anchors_9.pcd
1600	/home/dev/Dataset/vicon/NLOS/building/obstacles_output/obstacle_20_anchors_1.pcd
1056	/home/dev/Dataset/vicon/NLOS/building/obstacles_output/obstacle_21_anchors_1_3.pcd
4978	/home/dev/Dataset/vicon/NLOS/building/obstacles_output/obstacle_22_anchors_1_2_3_4.pcd
1826	/home/dev/Dataset/vicon/NLOS/building/obstacles_output/obstacle_23_anchors_1_4.pcd
8738	/home/dev/Dataset/vicon/NLOS/building/obstacles_output/obstacle_24_anchors_2_4.pcd
1328	/home/dev/Dataset/vicon/NLOS/building/obstacles_output/obstacle_25_anchors_4.pcd
2530	/home/dev/Dataset/vicon/NLOS/building/obstacles_output/obstacle_26_anchors_3.pcd
4066	/home/dev/Dataset/vicon/NLOS/building/obstacles_output/obstacle_27_anchors_1_2_4.pcd
1024	/home/dev/Dataset/vicon/NLOS/building/obstacles_output/obstacle_28_anchors_4.pcd
4754	/home/dev/Dataset/vicon/NLOS/building/obstacles_output/obstacle_29_anchors_4.pcd
1136	/home/dev/Dataset/vicon/NLOS/building/obstacles_output/obstacle_30_anchors_2_4.pcd
848	/home/dev/Dataset/vicon/NLOS/building/obstacles_output/obstacle_31_anchors_4.pcd
736	/home/dev/Dataset/vicon/NLOS/building/obstacles_output/obstacle_32_anchors_1_2_4.pcd
1954	/home/dev/Dataset/vicon/NLOS/building/obstacles_output/obstacle_33_anchors_2_4.pcd
576	/home/dev/Dataset/vicon/NLOS/building/obstacles_output/obstacle_34_anchors_4.pcd
1728	/home/dev/Dataset/vicon/NLOS/building/obstacles_output/obstacle_35_anchors_4.pcd
3138	/home/dev/Dataset/vicon/NLOS/building/obstacles_output/obstacle_36_anchors_2_4.pcd
12130	/home/dev/Dataset/vicon/NLOS/building/obstacles_output/obstacle_37_anchors_2_3_4.pcd
1168	/home/dev/Dataset/vicon/NLOS/building/obstacles_output/obstacle_38_anchors_4.pcd
1312	/home/dev/Dataset/vicon/NLOS/building/obstacles_output/obstacle_39_anchors_9.pcd
4994	/home/dev/Dataset/vicon/NLOS/building/obstacles_output/obstacle_40_anchors_3.pcd
4946	/home/dev/Dataset/vicon/NLOS/building/obstacles_output/obstacle_41_anchors_3.pcd
1408	/home/dev/Dataset/vicon/NLOS/building/obstacles_output/obstacle_42_anchors_1_4.pcd
2562	/home/dev/Dataset/vicon/NLOS/building/obstacles_output/obstacle_43_anchors_2_3.pcd
496	/home/dev/Dataset/vicon/NLOS/building/obstacles_output/obstacle_44_anchors_4.pcd
1152	/home/dev/Dataset/vicon/NLOS/building/obstacles_output/obstacle_45_anchors_4.pcd
1088	/home/dev/Dataset/vicon/NLOS/building/obstacles_output/obstacle_46_anchors_4.pcd
3970	/home/dev/Dataset/vicon/NLOS/building/obstacles_output/obstacle_47_anchors_2_3.pcd
4898	/home/dev/Dataset/vicon/NLOS/building/obstacles_output/obstacle_48_anchors_2_3.pcd
2258	/home/dev/Dataset/vicon/NLOS/building/obstacles_output/obstacle_49_anchors_9.pcd
832	/home/dev/Dataset/vicon/NLOS/building/obstacles_output/obstacle_50_anchors_3.pcd
560	/home/dev/Dataset/vicon/NLOS/building/obstacles_output/obstacle_51_anchors_3.pcd
656	/home/dev/Dataset/vicon/NLOS/building/obstacles_output/obstacle_52_anchors_1_3.pcd
1040	/home/dev/Dataset/vicon/NLOS/building/obstacles_output/obstacle_53_anchors_11.pcd
512	/home/dev/Dataset/vicon/NLOS/building/obstacles_output/obstacle_54_anchors_3.pcd
576	/home/dev/Dataset/vicon/NLOS/building/obstacles_output/obstacle_55_anchors_10.pcd
592	/home/dev/Dataset/vicon/NLOS/building/obstacles_output/obstacle_56_anchors_1_3.pcd
608	/home/dev/Dataset/vicon/NLOS/building/obstacles_output/obstacle_57_anchors_2_4.pcd
1456	/home/dev/Dataset/vicon/NLOS/building/obstacles_output/obstacle_58_anchors_10.pcd
944	/home/dev/Dataset/vicon/NLOS/building/obstacles_output/obstacle_59_anchors_4.pcd
400	/home/dev/Dataset/vicon/NLOS/building/obstacles_output/obstacle_60_anchors_4.pcd
560	/home/dev/Dataset/vicon/NLOS/building/obstacles_output/obstacle_61_anchors_8.pcd
512	/home/dev/Dataset/vicon/NLOS/building/obstacles_output/obstacle_62_anchors_8.pcd
496	/home/dev/Dataset/vicon/NLOS/building/obstacles_output/obstacle_63_anchors_3.pcd
592	/home/dev/Dataset/vicon/NLOS/building/obstacles_output/obstacle_64_anchors_1.pcd
384	/home/dev/Dataset/vicon/NLOS/building/obstacles_output/obstacle_65_anchors_7.pcd
40593	/home/dev/Dataset/vicon/NLOS/building/obstacles_output/obstacles_ground_truth.json
10502	/home/dev/Dataset/vicon/NLOS/building/obstacles_output/obstacles_ground_truth.txt
844656	/home/dev/Dataset/vicon/NLOS/building/obstacles_output/obstacles_statistics.png
3418233	/home/dev/Dataset/vicon/NLOS/building/obstacles_output_bp/nlos_ground_truth_timeseries.csv
10366456	/home/dev/Dataset/vicon/NLOS/building/obstacles_output_bp/nlos_ground_truth_timeseries.json
4043081	/home/dev/Dataset/vicon/NLOS/building/obstacles_output_bp/nlos_ground_truth_timeseries.txt
3974816	/home/dev/Dataset/vicon/NLOS/building/obstacles_output_bp/nlos_ground_truth_timeseries.txt.backup
4212778	/home/dev/Dataset/vicon/NLOS/building/obstacles_output_bp/nlos_ground_truth_timeseries_with_obstacle_id.txt
125032	/home/dev/Dataset/vicon/NLOS/building/obstacles_output_bp/nlos_points_all.pcd
5426	/home/dev/Dataset/vicon/NLOS/building/obstacles_output_bp/obstacle_01_anchors_10_11.pcd
4082	/home/dev/Dataset/vicon/NLOS/building/obstacles_output_bp/obstacle_03_anchors_2_3.pcd
1648	/home/dev/Dataset/vicon/NLOS/building/obstacles_output_bp/obstacle_05_anchors_1_3.pcd
11122	/home/dev/Dataset/vicon/NLOS/building/obstacles_output_bp/obstacle_07_anchors_8_9.pcd
4610	/home/dev/Dataset/vicon/NLOS/building/obstacles_output_bp/obstacle_09_anchors_1_3.pcd
2098	/home/dev/Dataset/vicon/NLOS/building/obstacles_output_bp/obstacle_11_anchors_2.pcd
576	/home/dev/Dataset/vicon/NLOS/building/obstacles_output_bp/obstacle_12_anchors_6.pcd
5922	/home/dev/Dataset/vicon/NLOS/building/obstacles_output_bp/obstacle_13_anchors_2_3.pcd
2674	/home/dev/Dataset/vicon/NLOS/building/obstacles_output_bp/obstacle_15_anchors_1_3.pcd
3266	/home/dev/Dataset/vicon/NLOS/building/obstacles_output_bp/obstacle_16_anchors_1_3.pcd
3362	/home/dev/Dataset/vicon/NLOS/building/obstacles_output_bp/obstacle_17_anchors_3.pcd
4210	/home/dev/Dataset/vicon/NLOS/building/obstacles_output_bp/obstacle_18_anchors_2_4.pcd
1600	/home/dev/Dataset/vicon/NLOS/building/obstacles_output_bp/obstacle_20_anchors_1.pcd
1056	/home/dev/Dataset/vicon/NLOS/building/obstacles_output_bp/obstacle_21_anchors_1_3.pcd
4978	/home/dev/Dataset/vicon/NLOS/building/obstacles_output_bp/obstacle_22_anchors_1_2_3_4.pcd
1826	/home/dev/Dataset/vicon/NLOS/building/obstacles_output_bp/obstacle_23_anchors_1_4.pcd
8738	/home/dev/Dataset/vicon/NLOS/building/obstacles_output_bp/obstacle_24_anchors_2_4.pcd
4066	/home/dev/Dataset/vicon/NLOS/building/obstacles_output_bp/obstacle_27_anchors_1_2_4.pcd
1024	/home/dev/Dataset/vicon/NLOS/building/obstacles_output_bp/obstacle_28_anchors_4.pcd
4754	/home/dev/Dataset/vicon/NLOS/building/obstacles_output_bp/obstacle_29_anchors_4.pcd
1136	/home/dev/Dataset/vicon/NLOS/building/obstacles_output_bp/obstacle_30_anchors_2_4.pcd
848	/home/dev/Dataset/vicon/NLOS/building/obstacles_output_bp/obstacle_31_anchors_4.pcd
736	/home/dev/Dataset/vicon/NLOS/building/obstacles_output_bp/obstacle_32_anchors_1_2_4.pcd
1954	/home/dev/Dataset/vicon/NLOS/building/obstacles_output_bp/obstacle_33_anchors_2_4.pcd
576	/home/dev/Dataset/vicon/NLOS/building/obstacles_output_bp/obstacle_34_anchors_4.pcd
1728	/home/dev/Dataset/vicon/NLOS/building/obstacles_output_bp/obstacle_35_anchors_4.pcd
3138	/home/dev/Dataset/vicon/NLOS/building/obstacles_output_bp/obstacle_36_anchors_2_4.pcd
12130	/home/dev/Dataset/vicon/NLOS/building/obstacles_output_bp/obstacle_37_anchors_2_3_4.pcd
1168	/home/dev/Dataset/vicon/NLOS/building/obstacles_output_bp/obstacle_38_anchors_4.pcd
1312	/home/dev/Dataset/vicon/NLOS/building/obstacles_output_bp/obstacle_39_anchors_9.pcd
4994	/home/dev/Dataset/vicon/NLOS/building/obstacles_output_bp/obstacle_40_anchors_3.pcd
4946	/home/dev/Dataset/vicon/NLOS/building/obstacles_output_bp/obstacle_41_anchors_3.pcd
1408	/home/dev/Dataset/vicon/NLOS/building/obstacles_output_bp/obstacle_42_anchors_1_4.pcd
2562	/home/dev/Dataset/vicon/NLOS/building/obstacles_output_bp/obstacle_43_anchors_2_3.pcd
1088	/home/dev/Dataset/vicon/NLOS/building/obstacles_output_bp/obstacle_46_anchors_4.pcd
4898	/home/dev/Dataset/vicon/NLOS/building/obstacles_output_bp/obstacle_48_anchors_2_3.pcd
656	/home/dev/Dataset/vicon/NLOS/building/obstacles_output_bp/obstacle_52_anchors_1_3.pcd
1040	/home/dev/Dataset/vicon/NLOS/building/obstacles_output_bp/obstacle_53_anchors_11.pcd
592	/home/dev/Dataset/vicon/NLOS/building/obstacles_output_bp/obstacle_56_anchors_1_3.pcd
608	/home/dev/Dataset/vicon/NLOS/building/obstacles_output_bp/obstacle_57_anchors_2_4.pcd
512	/home/dev/Dataset/vicon/NLOS/building/obstacles_output_bp/obstacle_62_anchors_8.pcd
592	/home/dev/Dataset/vicon/NLOS/building/obstacles_output_bp/obstacle_64_anchors_1.pcd
40593	/home/dev/Dataset/vicon/NLOS/building/obstacles_output_bp/obstacles_ground_truth.json
5650	/home/dev/Dataset/vicon/NLOS/building/obstacles_output_bp/obstacles_ground_truth.txt
844656	/home/dev/Dataset/vicon/NLOS/building/obstacles_output_bp/obstacles_statistics.png
11498	/home/dev/Dataset/vicon/NLOS/building/sync_timeseries.py
49566	/home/dev/Dataset/vicon/NLOS/building/uwb_ranging_error_analysis.py
519423	/home/dev/Dataset/vicon/NLOS/building/uwb_ranging_error_analysis/1_error_overview.png
17739	/home/dev/Dataset/vicon/NLOS/building/uwb_ranging_error_analysis/1_error_overview_timeseries_legend.png
94170	/home/dev/Dataset/vicon/NLOS/building/uwb_ranging_error_analysis/1_error_pdf_distribution.png
41103	/home/dev/Dataset/vicon/NLOS/building/uwb_ranging_error_analysis/1_error_pdf_legend.png
102023	/home/dev/Dataset/vicon/NLOS/building/uwb_ranging_error_analysis/1_error_per_anchor.png
16026	/home/dev/Dataset/vicon/NLOS/building/uwb_ranging_error_analysis/1_error_per_anchor_legend.png
300210	/home/dev/Dataset/vicon/NLOS/building/uwb_ranging_error_analysis/2_cdf_comparison.png
623673	/home/dev/Dataset/vicon/NLOS/building/uwb_ranging_error_analysis/3_per_anchor_details.png
692492	/home/dev/Dataset/vicon/NLOS/building/uwb_ranging_error_analysis/4_error_vs_distance.png
823812	/home/dev/Dataset/vicon/NLOS/building/uwb_ranging_error_analysis/5_time_series_analysis.png
331004	/home/dev/Dataset/vicon/NLOS/building/uwb_ranging_error_analysis/6_distance_correlation.png
331004	/home/dev/Dataset/vicon/NLOS/building/uwb_ranging_error_analysis/distance_correlation.png
594944	/home/dev/Dataset/vicon/NLOS/building/uwb_ranging_error_analysis/ranging_error_analysis.png
1968885	/home/dev/Dataset/vicon/NLOS/building/uwb_ranging_error_analysis/uwb_ranging_error_detailed.txt
2147	/home/dev/Dataset/vicon/NLOS/building/uwb_ranging_error_analysis/uwb_ranging_error_summary.txt
527764	/home/dev/Dataset/vicon/NLOS/cocolic/2025-10-24-15-46-27_vicon_lidar_uwb_imu_obstacle_LIO.txt
348844	/home/dev/Dataset/vicon/NLOS/cocolic/2025-10-24-15-46-27_vicon_lidar_uwb_imu_obstacle_LIO_map.pcd
134032157	/home/dev/Dataset/vicon/NLOS/fastlio/fastlio_nlos.pcd
60403	/home/dev/Dataset/vicon/NLOS/fastlio/fastlio_nlos.txt
1509395	/home/dev/Dataset/vicon/NLOS/gt_2025-10-24-15-46-27_vicon_lidar_uwb_imu_obstacle.txt
1415997	/home/dev/Dataset/vicon/NLOS/gt_2025-10-24-15-46-27_vicon_lidar_uwb_imu_obstacle_reltime.txt
66353	/home/dev/Dataset/vicon/NLOS/iu_pose_v_nlos46.txt
64811	/home/dev/Dataset/vicon/NLOS/iu_pose_v_nlos46_x2.txt
1344012	/home/dev/Dataset/vicon/NLOS/liosam_vicon_nlos_46/CornerMap.pcd
13314382	/home/dev/Dataset/vicon/NLOS/liosam_vicon_nlos_46/GlobalMap.pcd
11970558	/home/dev/Dataset/vicon/NLOS/liosam_vicon_nlos_46/SurfMap.pcd
29166	/home/dev/Dataset/vicon/NLOS/liosam_vicon_nlos_46/lio_sam_poses_20251217_110544.txt
2600	/home/dev/Dataset/vicon/NLOS/liosam_vicon_nlos_46/trajectory.pcd
5664	/home/dev/Dataset/vicon/NLOS/liosam_vicon_nlos_46/transformations.pcd
11105	/home/dev/Dataset/vicon/NLOS/liosam_vicon_nlos_46/vicon_nlos46_liosam.txt
528887	/home/dev/Dataset/vicon/NLOS/loss/vicon_46_cauchy_relative_time_traj_time_aligned.txt
528887	/home/dev/Dataset/vicon/NLOS/loss/vicon_nlos46_cauchy.txt
575186	/home/dev/Dataset/vicon/NLOS/loss/vicon_nlos46_cauchy_time_aligned.txt
528579	/home/dev/Dataset/vicon/NLOS/loss/vicon_nlos46_huber.txt
574919	/home/dev/Dataset/vicon/NLOS/loss/vicon_nlos46_huber_time_aligned.txt
527382	/home/dev/Dataset/vicon/NLOS/ours/2025-10-24-15-46-27_vicon_lidar_uwb_imu_obstacle_LIUO.txt
348074	/home/dev/Dataset/vicon/NLOS/ours/2025-10-24-15-46-27_vicon_lidar_uwb_imu_obstacle_LIUO_map.pcd
527627	/home/dev/Dataset/vicon/NLOS/ours/2025-10-24-15-46-27_vicon_lidar_uwb_imu_obstacle_LIUO_time_aligned.txt
527465	/home/dev/Dataset/vicon/NLOS/ours_full/2025-10-24-15-46-27_vicon_lidar_uwb_imu_obstacle_LIUO.txt
348820	/home/dev/Dataset/vicon/NLOS/ours_full/2025-10-24-15-46-27_vicon_lidar_uwb_imu_obstacle_LIUO_map.pcd
67018	/home/dev/Dataset/vicon/NLOS/ours_full/2025-10-24-15-46-27_vicon_lidar_uwb_imu_obstacle_LIUO_nlos_obstacles.pcd
527715	/home/dev/Dataset/vicon/NLOS/ours_full/2025-10-24-15-46-27_vicon_lidar_uwb_imu_obstacle_LIUO_time_aligned.txt
269049006	/home/dev/Dataset/vicon/NLOS/res.zip
29378	/home/dev/Dataset/vicon/NLOS/uliosam/ulio_vicon_nlos46.txt
29636	/home/dev/Dataset/vicon/NLOS/uliosam/ulio_vicon_nlos46_time_aligned.txt
29385	/home/dev/Dataset/vicon/NLOS/uliosam/uliosam_vicon_nlos46.txt
29646	/home/dev/Dataset/vicon/NLOS/uliosam/uliosam_vicon_nlos46_time_aligned.txt
53639	/home/dev/Dataset/vicon/NLOS/uliosam/uliosam_vicon_nlos48.txt
21498	/home/dev/experiments/vicon_anchor_calibration/1a810aa/calibration.json
1706	/home/dev/experiments/vicon_anchor_calibration/1a810aa/calibration_report.md
738	/home/dev/experiments/vicon_anchor_calibration/1a810aa/indoor_vicon_los_anchors_gt.yaml
740	/home/dev/experiments/vicon_anchor_calibration/1a810aa/indoor_vicon_nlos_anchors_gt.yaml
620	/home/dev/experiments/vicon_anchor_calibration/1a810aa/uwb_los_calibrated.yaml
621	/home/dev/experiments/vicon_anchor_calibration/1a810aa/uwb_nlos_calibrated.yaml
21665	/home/dev/experiments/vicon_anchor_calibration/candidate_01/calibration.json
1706	/home/dev/experiments/vicon_anchor_calibration/candidate_01/calibration_report.md
743	/home/dev/experiments/vicon_anchor_calibration/candidate_01/indoor_vicon_los_anchors_gt.yaml
745	/home/dev/experiments/vicon_anchor_calibration/candidate_01/indoor_vicon_nlos_anchors_gt.yaml
620	/home/dev/experiments/vicon_anchor_calibration/candidate_01/uwb_los_calibrated.yaml
621	/home/dev/experiments/vicon_anchor_calibration/candidate_01/uwb_nlos_calibrated.yaml
333	/home/dev/experiments/vicon_anchor_calibration/v2_reference/los/config/imu.yaml
1246	/home/dev/experiments/vicon_anchor_calibration/v2_reference/los/config/lidar.yaml
559	/home/dev/experiments/vicon_anchor_calibration/v2_reference/los/config/uwb.yaml
674	/home/dev/experiments/vicon_anchor_calibration/v2_reference/los/reference_manifest.json
1518	/home/dev/experiments/vicon_anchor_calibration/v2_reference/los/resolved_config.yaml
665	/home/dev/experiments/vicon_anchor_calibration/v2_reference/los/stderr.log
1457	/home/dev/experiments/vicon_anchor_calibration/v2_reference/los/stdout.log
333	/home/dev/experiments/vicon_anchor_calibration/v2_reference/nlos/config/imu.yaml
1246	/home/dev/experiments/vicon_anchor_calibration/v2_reference/nlos/config/lidar.yaml
559	/home/dev/experiments/vicon_anchor_calibration/v2_reference/nlos/config/uwb.yaml
673	/home/dev/experiments/vicon_anchor_calibration/v2_reference/nlos/reference_manifest.json
1517	/home/dev/experiments/vicon_anchor_calibration/v2_reference/nlos/resolved_config.yaml
665	/home/dev/experiments/vicon_anchor_calibration/v2_reference/nlos/stderr.log
1458	/home/dev/experiments/vicon_anchor_calibration/v2_reference/nlos/stdout.log
409814	/home/dev/results/drift_analysis/UrbanV2X_drift_curve.png
2740647	/home/dev/results/scene1_park/aligned_trajectories/Coco-LIC_aligned.txt
615	/home/dev/results/scene1_park/aligned_trajectories/Coco-LIC_transform.txt
272971	/home/dev/results/scene1_park/aligned_trajectories/FAST-LIO2_aligned.txt
619	/home/dev/results/scene1_park/aligned_trajectories/FAST-LIO2_transform.txt
2706016	/home/dev/results/scene1_park/aligned_trajectories/GT_reference.txt
135767	/home/dev/results/scene1_park/aligned_trajectories/LIO-SAM_aligned.txt
616	/home/dev/results/scene1_park/aligned_trajectories/LIO-SAM_transform.txt
2740540	/home/dev/results/scene1_park/aligned_trajectories/LIUO-with-NLOS_aligned.txt
621	/home/dev/results/scene1_park/aligned_trajectories/LIUO-with-NLOS_transform.txt
2741091	/home/dev/results/scene1_park/aligned_trajectories/LIUO_aligned.txt
611	/home/dev/results/scene1_park/aligned_trajectories/LIUO_transform.txt
103365	/home/dev/results/scene1_park/pic/00_legend.png
1810885	/home/dev/results/scene1_park/pic/01_3d_trajectory.png
992703	/home/dev/results/scene1_park/pic/02_xy_plane.png
592900	/home/dev/results/scene1_park/pic/03_xz_plane.png
392525	/home/dev/results/scene1_park/pic/04_yz_plane.png
542322	/home/dev/results/scene1_park/pic/05_mean_error.png
482537	/home/dev/results/scene1_park/pic/06_rmse.png
507814	/home/dev/results/scene1_park/pic/07_error_statistics.png
334521	/home/dev/results/scene1_park/pic/08_error_table.png
1733728	/home/dev/results/scene1_park/pic/09_drift_curve.png
39783	/home/dev/results/scene1_park/pic/drift_curve_report.txt
39783	/home/dev/results/scene1_park/pic/urbanV2X_drift_curve_report.txt
3258365	/home/dev/results/scene2_Building/aligned_trajectories/Coco-LIC_aligned.txt
619	/home/dev/results/scene2_Building/aligned_trajectories/Coco-LIC_transform.txt
326873	/home/dev/results/scene2_Building/aligned_trajectories/FAST-LIO2_aligned.txt
620	/home/dev/results/scene2_Building/aligned_trajectories/FAST-LIO2_transform.txt
3166300	/home/dev/results/scene2_Building/aligned_trajectories/GT_reference.txt
163033	/home/dev/results/scene2_Building/aligned_trajectories/LIO-SAM_aligned.txt
612	/home/dev/results/scene2_Building/aligned_trajectories/LIO-SAM_transform.txt
3255812	/home/dev/results/scene2_Building/aligned_trajectories/LIUO-with-NLOS_aligned.txt
625	/home/dev/results/scene2_Building/aligned_trajectories/LIUO-with-NLOS_transform.txt
3255315	/home/dev/results/scene2_Building/aligned_trajectories/LIUO_aligned.txt
615	/home/dev/results/scene2_Building/aligned_trajectories/LIUO_transform.txt
125104	/home/dev/results/scene2_Building/pic/00_legend.png
2070625	/home/dev/results/scene2_Building/pic/01_3d_trajectory.png
1229600	/home/dev/results/scene2_Building/pic/02_xy_plane.png
235363	/home/dev/results/scene2_Building/pic/03_xz_plane.png
224533	/home/dev/results/scene2_Building/pic/04_yz_plane.png
618214	/home/dev/results/scene2_Building/pic/05_mean_error.png
543238	/home/dev/results/scene2_Building/pic/06_rmse.png
530082	/home/dev/results/scene2_Building/pic/07_error_statistics.png
356817	/home/dev/results/scene2_Building/pic/08_error_table.png
2377067	/home/dev/results/scene2_Building/pic/09_drift_curve.png
143004	/home/dev/results/scene2_Building/pic/drift_curve_report.txt
143004	/home/dev/results/scene2_Building/pic/urban_building_drift_curve_report.txt
3108396	/home/dev/results/scene3_Medium/aligned_trajectories/Coco-LIC_aligned.txt
615	/home/dev/results/scene3_Medium/aligned_trajectories/Coco-LIC_transform.txt
307630	/home/dev/results/scene3_Medium/aligned_trajectories/FAST-LIO2_aligned.txt
616	/home/dev/results/scene3_Medium/aligned_trajectories/FAST-LIO2_transform.txt
1542259	/home/dev/results/scene3_Medium/aligned_trajectories/GT_reference.txt
3109203	/home/dev/results/scene3_Medium/aligned_trajectories/LIUO-with-NLOS_aligned.txt
623	/home/dev/results/scene3_Medium/aligned_trajectories/LIUO-with-NLOS_transform.txt
3109588	/home/dev/results/scene3_Medium/aligned_trajectories/LIUO_aligned.txt
613	/home/dev/results/scene3_Medium/aligned_trajectories/LIUO_transform.txt
105798	/home/dev/results/scene3_Medium/pic/00_legend.png
1949633	/home/dev/results/scene3_Medium/pic/01_3d_trajectory.png
454031	/home/dev/results/scene3_Medium/pic/02_xy_plane.png
279079	/home/dev/results/scene3_Medium/pic/03_xz_plane.png
664142	/home/dev/results/scene3_Medium/pic/04_yz_plane.png
514539	/home/dev/results/scene3_Medium/pic/05_mean_error.png
474151	/home/dev/results/scene3_Medium/pic/06_rmse.png
504683	/home/dev/results/scene3_Medium/pic/07_error_statistics.png
343835	/home/dev/results/scene3_Medium/pic/08_error_table.png
2447217	/home/dev/results/scene3_Medium/pic/09_drift_curve.png
80937	/home/dev/results/scene3_Medium/pic/drift_curve_report.txt
80937	/home/dev/results/scene3_Medium/pic/urban_medium_drift_curve_report.txt
605761	/home/dev/results/scene3_Vicon_LOS/aligned_trajectories/Coco-LIC_aligned.txt
615	/home/dev/results/scene3_Vicon_LOS/aligned_trajectories/Coco-LIC_transform.txt
61037	/home/dev/results/scene3_Vicon_LOS/aligned_trajectories/FAST-LIO2_aligned.txt
616	/home/dev/results/scene3_Vicon_LOS/aligned_trajectories/FAST-LIO2_transform.txt
1801652	/home/dev/results/scene3_Vicon_LOS/aligned_trajectories/GT_reference.txt
30643	/home/dev/results/scene3_Vicon_LOS/aligned_trajectories/LIO-SAM_aligned.txt
616	/home/dev/results/scene3_Vicon_LOS/aligned_trajectories/LIO-SAM_transform.txt
605763	/home/dev/results/scene3_Vicon_LOS/aligned_trajectories/LIUO-with-NLOS_aligned.txt
621	/home/dev/results/scene3_Vicon_LOS/aligned_trajectories/LIUO-with-NLOS_transform.txt
605773	/home/dev/results/scene3_Vicon_LOS/aligned_trajectories/LIUO_aligned.txt
611	/home/dev/results/scene3_Vicon_LOS/aligned_trajectories/LIUO_transform.txt
150522	/home/dev/results/scene3_Vicon_LOS/pic/00_legend.png
2589483	/home/dev/results/scene3_Vicon_LOS/pic/01_3d_trajectory.png
2301022	/home/dev/results/scene3_Vicon_LOS/pic/02_xy_plane.png
776993	/home/dev/results/scene3_Vicon_LOS/pic/03_xz_plane.png
941836	/home/dev/results/scene3_Vicon_LOS/pic/04_yz_plane.png
615492	/home/dev/results/scene3_Vicon_LOS/pic/05_mean_error.png
547202	/home/dev/results/scene3_Vicon_LOS/pic/06_rmse.png
545086	/home/dev/results/scene3_Vicon_LOS/pic/07_error_statistics.png
331834	/home/dev/results/scene3_Vicon_LOS/pic/08_error_table.png
1841891	/home/dev/results/scene3_Vicon_LOS/pic/09_drift_curve.png
553813	/home/dev/results/scene3_Vicon_NLOS/aligned_trajectories/Coco-LIC_aligned.txt
614	/home/dev/results/scene3_Vicon_NLOS/aligned_trajectories/Coco-LIC_transform.txt
56004	/home/dev/results/scene3_Vicon_NLOS/aligned_trajectories/FAST-LIO2_aligned.txt
615	/home/dev/results/scene3_Vicon_NLOS/aligned_trajectories/FAST-LIO2_transform.txt
1509425	/home/dev/results/scene3_Vicon_NLOS/aligned_trajectories/GT_reference.txt
28100	/home/dev/results/scene3_Vicon_NLOS/aligned_trajectories/LIO-SAM_aligned.txt
615	/home/dev/results/scene3_Vicon_NLOS/aligned_trajectories/LIO-SAM_transform.txt
553835	/home/dev/results/scene3_Vicon_NLOS/aligned_trajectories/LIUO-with-NLOS_aligned.txt
620	/home/dev/results/scene3_Vicon_NLOS/aligned_trajectories/LIUO-with-NLOS_transform.txt
553844	/home/dev/results/scene3_Vicon_NLOS/aligned_trajectories/LIUO_aligned.txt
610	/home/dev/results/scene3_Vicon_NLOS/aligned_trajectories/LIUO_transform.txt
150522	/home/dev/results/scene3_Vicon_NLOS/pic/00_legend.png
2345569	/home/dev/results/scene3_Vicon_NLOS/pic/01_3d_trajectory.png
2054154	/home/dev/results/scene3_Vicon_NLOS/pic/02_xy_plane.png
1121933	/home/dev/results/scene3_Vicon_NLOS/pic/03_xz_plane.png
1357498	/home/dev/results/scene3_Vicon_NLOS/pic/04_yz_plane.png
632599	/home/dev/results/scene3_Vicon_NLOS/pic/05_mean_error.png
557284	/home/dev/results/scene3_Vicon_NLOS/pic/06_rmse.png
545085	/home/dev/results/scene3_Vicon_NLOS/pic/07_error_statistics.png
341598	/home/dev/results/scene3_Vicon_NLOS/pic/08_error_table.png
1782856	/home/dev/results/scene3_Vicon_NLOS/pic/09_drift_curve.png
SFUISE dataset files
3215961	/home/dev/ws_uwb/src/SFUISE/dataset/ISAS-Walk1.bag
4109272	/home/dev/ws_uwb/src/SFUISE/dataset/ISAS-Walk2.bag
4414454	/home/dev/ws_uwb/src/SFUISE/dataset/ISAS-Walk3.bag
existing uwb fusion outputs
5099	2026-09-05T09:25:00.1854242980	/home/dev/ws_uwb/src/uwb-imu-fusion/CMakeLists.txt
2270	2026-09-05T09:25:00.1855978100	/home/dev/ws_uwb/src/uwb-imu-fusion/config/mcd_tuhh_night_09.yaml
1858	2026-09-05T09:25:00.1856250600	/home/dev/ws_uwb/src/uwb-imu-fusion/config/miluv_circular.yaml
2504	2026-09-05T09:25:00.1856606460	/home/dev/ws_uwb/src/uwb-imu-fusion/config/miluv_circular_synthetic.yaml
2076	2026-09-05T09:25:00.1856851680	/home/dev/ws_uwb/src/uwb-imu-fusion/config/miluv_dop_n7.yaml
2146	2026-09-05T09:25:00.1857007000	/home/dev/ws_uwb/src/uwb-imu-fusion/config/miluv_dop_n8.yaml
1667	2026-09-05T09:25:00.1857007000	/home/dev/ws_uwb/src/uwb-imu-fusion/config/miluv_random.yaml
2169	2026-09-05T09:25:00.1857359270	/home/dev/ws_uwb/src/uwb-imu-fusion/config/sfuise_dop_n6.yaml
2240	2026-09-05T09:25:00.1857359270	/home/dev/ws_uwb/src/uwb-imu-fusion/config/sfuise_dop_n7.yaml
2309	2026-09-05T09:25:00.1857359270	/home/dev/ws_uwb/src/uwb-imu-fusion/config/sfuise_dop_n8.yaml
1487	2026-09-05T09:25:00.1857752020	/home/dev/ws_uwb/src/uwb-imu-fusion/config/sfuise_w2_dop_n6.yaml
1558	2026-09-05T09:25:00.1857752020	/home/dev/ws_uwb/src/uwb-imu-fusion/config/sfuise_w2_dop_n7.yaml
1627	2026-09-05T09:25:00.1857752020	/home/dev/ws_uwb/src/uwb-imu-fusion/config/sfuise_w2_dop_n8.yaml
1487	2026-09-05T09:25:00.1857752020	/home/dev/ws_uwb/src/uwb-imu-fusion/config/sfuise_w3_dop_n6.yaml
1558	2026-09-05T09:25:00.1857752020	/home/dev/ws_uwb/src/uwb-imu-fusion/config/sfuise_w3_dop_n7.yaml
1627	2026-09-05T09:25:00.1857752020	/home/dev/ws_uwb/src/uwb-imu-fusion/config/sfuise_w3_dop_n8.yaml
1953	2026-09-05T09:25:00.1858644640	/home/dev/ws_uwb/src/uwb-imu-fusion/config/sfuise_walk1.yaml
2075	2026-09-05T09:25:00.1858644640	/home/dev/ws_uwb/src/uwb-imu-fusion/config/sfuise_walk1_synthetic.yaml
1271	2026-09-05T09:25:00.1858644640	/home/dev/ws_uwb/src/uwb-imu-fusion/config/sfuise_walk2.yaml
1271	2026-09-05T09:25:00.1858644640	/home/dev/ws_uwb/src/uwb-imu-fusion/config/sfuise_walk3.yaml
2867	2026-09-05T09:25:00.1859289770	/home/dev/ws_uwb/src/uwb-imu-fusion/config/sim_circle.yaml
4919	2026-09-05T09:25:00.1859615540	/home/dev/ws_uwb/src/uwb-imu-fusion/config/slam.yaml
4428	2026-09-05T09:25:00.1859947600	/home/dev/ws_uwb/src/uwb-imu-fusion/config/tnp_03.yaml
1934	2026-09-05T09:25:00.1860496410	/home/dev/ws_uwb/src/uwb-imu-fusion/config/vicon_test.yaml
3186	2026-09-05T09:25:00.1860797260	/home/dev/ws_uwb/src/uwb-imu-fusion/config/viunet_00.yaml
2282	2026-09-05T09:25:00.1861036600	/home/dev/ws_uwb/src/uwb-imu-fusion/config/viunet_01.yaml
267	2026-09-05T09:25:00.1861330530	/home/dev/ws_uwb/src/uwb-imu-fusion/data/anchor_pose.yaml
1667	2026-09-05T09:25:00.1987965200	/home/dev/ws_uwb/src/uwb-imu-fusion/simulator/CMakeLists.txt
1876	2026-09-05T09:25:00.1988397560	/home/dev/ws_uwb/src/uwb-imu-fusion/simulator/config/uwb_twr_sim.yaml
40	2026-09-05T09:25:00.2089632440	/home/dev/ws_uwb/src/uwb-imu-fusion/simulator/so3_control/corrections.yaml
170	2026-09-05T09:25:00.2089757500	/home/dev/ws_uwb/src/uwb-imu-fusion/simulator/so3_control/gains.yaml

Script done on 2026-09-05 10:33:23+00:00 [COMMAND_EXIT_CODE="0"]
