analyzed 38 runs; summary=/home/mint/ws_fusion_uwb/src/uwb-imu-fusion-pl/docs/evidence/p1-06-revised-nonrealtime-final/profiles-38x20-final-v8/validation_summary.json
PASS off__nominal__e20__s20260901__r1 0.030s
PASS off__uwb_fault__e20__s20260901__r1 0.036s
PASS off__imu_accel_x__e20__s20260901__r1 0.030s
PASS off__joint_fault__e20__s20260901__r1 0.035s
PASS off__history_uwb__e20__s20260901__r1 0.035s
PASS off__persistent_reject__e20__s20260901__r1 0.039s
PASS uwb_order1__nominal__e20__s20260901__r1 3.694s
PASS uwb_order1__uwb_fault__e20__s20260901__r1 3.916s
PASS uwb_order1__history_uwb__e20__s20260901__r1 2.700s
PASS uwb_order1__persistent_reject__e20__s20260901__r1 1.825s
PASS uwb_order1__uwb_recovery__e20__s20260901__r1 3.442s
PASS imu_order1__nominal__e20__s20260901__r1 3.144s
PASS imu_order1__imu_accel_x__e20__s20260901__r1 3.066s
PASS imu_order1__imu_accel_y__e20__s20260901__r1 3.121s
PASS imu_order1__imu_accel_z__e20__s20260901__r1 3.107s
PASS imu_order1__imu_gyro_x__e20__s20260901__r1 3.118s
PASS imu_order1__imu_gyro_y__e20__s20260901__r1 3.184s
PASS imu_order1__imu_gyro_z__e20__s20260901__r1 3.146s
PASS imu_order1__imu_recovery__e20__s20260901__r1 2.537s
PASS joint_order1__nominal__e20__s20260901__r1 3.976s
PASS joint_order1__uwb_fault__e20__s20260901__r1 3.955s
PASS joint_order1__imu_accel_x__e20__s20260901__r1 3.740s
PASS joint_order1__imu_gyro_z__e20__s20260901__r1 3.911s
PASS joint_order1__joint_fault__e20__s20260901__r1 3.937s
PASS joint_order1__history_uwb__e20__s20260901__r1 2.839s
PASS joint_order1__persistent_reject__e20__s20260901__r1 1.876s
PASS joint_order1__uwb_recovery__e20__s20260901__r1 3.648s
PASS joint_order1__imu_recovery__e20__s20260901__r1 3.197s
PASS joint_order2__nominal__e20__s20260901__r1 30.075s
PASS joint_order2__uwb_fault__e20__s20260901__r1 127.862s
PASS joint_order2__imu_accel_x__e20__s20260901__r1 29.459s
PASS joint_order2__imu_gyro_z__e20__s20260901__r1 29.601s
PASS joint_order2__joint_fault__e20__s20260901__r1 126.619s
PASS joint_order2__history_uwb__e20__s20260901__r1 16.552s
PASS joint_order2__persistent_reject__e20__s20260901__r1 13.330s
PASS joint_order2__joint_recovery__e20__s20260901__r1 44.462s
PASS joint_order2__uwb_recovery__e20__s20260901__r1 169.506s
PASS joint_order2__imu_recovery__e20__s20260901__r1 21.633s
completed=38 failures=0 output=/home/mint/ws_fusion_uwb/src/uwb-imu-fusion-pl/docs/evidence/p1-06-revised-nonrealtime-final/profiles-38x20-final-v8
