[==========] Running 8 tests from 1 test suite.
[----------] Global test environment set-up.
[----------] 8 tests from P007CorrectedExhaustive
[ RUN      ] P007CorrectedExhaustive.SemanticEvaluatorCannotConsumeProductionExpectedArtifacts
[       OK ] P007CorrectedExhaustive.SemanticEvaluatorCannotConsumeProductionExpectedArtifacts (7 ms)
[ RUN      ] P007CorrectedExhaustive.ThreeLayerRawDenseOnlineEquivalence
[P0-07-REPLAY] raw_rows=9 actions=6 replay_hash=6417366306760370026 winner=5
[       OK ] P007CorrectedExhaustive.ThreeLayerRawDenseOnlineEquivalence (21 ms)
[ RUN      ] P007CorrectedExhaustive.TrapezoidCorrelationRequiresQualification
[       OK ] P007CorrectedExhaustive.TrapezoidCorrelationRequiresQualification (101 ms)
[ RUN      ] P007CorrectedExhaustive.GoldenPublicConfigAbiLayoutIsPreserved
[       OK ] P007CorrectedExhaustive.GoldenPublicConfigAbiLayoutIsPreserved (26 ms)
[ RUN      ] P007CorrectedExhaustive.FrozenProductionEvidenceIsMechanicallyBound
[       OK ] P007CorrectedExhaustive.FrozenProductionEvidenceIsMechanicallyBound (19 ms)
[ RUN      ] P007CorrectedExhaustive.SameRawReplayDrivesProductionBuilderGeneratorAndFinalRefusal
[P0-07-HYPOTHESIS-ORACLE] modes=504 hypotheses=504 gram_profile_response_pl=PASS
[P1-03-AUTHORIZED-DIFF] rows=341->334 dof=176->169 nu_perp=88->81 threshold=279.974->271.19 mode57_stat=273.844 plausible_removed=57 actions=7->6
[P0-07-MISSING-PROVENANCE] modes=0 actions=0 same_replay_expected_terminal=NOT_APPLICABLE dedicated_reference=MissingProvenanceCensusIsRetainedAndRefused
[P0-07-RAW-UWB]	1	101	1	50000000	7.0774420462405265	0.050000000000000003	-5	-5	1
[P0-07-RAW-UWB]	1	102	2	50000000	8.1322180697562416	0.050000000000000003	-5	-5	5
[P0-07-RAW-UWB]	1	103	3	50000000	7.0807585090703364	0.050000000000000003	-5	5	1
[P0-07-RAW-UWB]	1	104	4	50000000	8.1348913509085072	0.050000000000000003	-5	5	5
[P0-07-RAW-UWB]	1	105	5	50000000	7.0826923930668944	0.050000000000000003	5	-5	1
[P0-07-RAW-UWB]	1	106	6	50000000	8.1360162343059308	0.050000000000000003	5	-5	5
[P0-07-RAW-UWB]	1	107	7	50000000	7.0829677895909056	0.050000000000000003	5	5	1
[P0-07-RAW-UWB]	1	108	8	50000000	8.1354322320143364	0.050000000000000003	5	5	5
[P0-07-ATTEMPT]	1	EXECUTED	1	24	1	1	COMPLETE	0	0	1	30.720106999999999	30.878288999999999	31.210842	0	1	1142040
[P0-07-RAW-UWB]	2	201	1	100000000	7.080687251156081	0.050000000000000003	-5	-5	1
[P0-07-RAW-UWB]	2	202	2	100000000	8.1348396099420786	0.050000000000000003	-5	-5	5
[P0-07-RAW-UWB]	2	203	3	100000000	7.0826620312848281	0.050000000000000003	-5	5	1
[P0-07-RAW-UWB]	2	204	4	100000000	8.1360083444752096	0.050000000000000003	-5	5	5
[P0-07-RAW-UWB]	2	205	5	100000000	7.0829826556786051	0.050000000000000003	5	-5	1
[P0-07-RAW-UWB]	2	206	6	100000000	8.1354693189672194	0.050000000000000003	5	-5	5
[P0-07-RAW-UWB]	2	207	7	100000000	7.0816033806214644	0.050000000000000003	5	5	1
[P0-07-RAW-UWB]	2	208	8	100000000	8.1332994365802023	0.050000000000000003	5	5	5
[P0-07-ATTEMPT]	2	EXECUTED	1	48	1	1	COMPLETE	0	0	1	74.170423	74.268592999999996	74.495103	0	1	1142040
[P0-07-RAW-UWB]	3	301	1	150000000	7.0826305100904818	0.050000000000000003	-5	-5	1
[P0-07-RAW-UWB]	3	302	2	150000000	8.1359992576604778	0.050000000000000003	-5	-5	5
[P0-07-RAW-UWB]	3	303	3	150000000	7.0829963302918522	0.050000000000000003	-5	5	1
[P0-07-RAW-UWB]	3	304	4	150000000	8.1355052628381959	0.050000000000000003	-5	5	5
[P0-07-RAW-UWB]	3	305	5	150000000	7.0816603000752671	0.050000000000000003	5	-5	1
[P0-07-RAW-UWB]	3	306	6	150000000	8.1333752829986157	0.050000000000000003	5	-5	5
[P0-07-RAW-UWB]	3	307	7	150000000	7.0788130318454883	0.050000000000000003	5	5	1
[P0-07-RAW-UWB]	3	308	8	150000000	8.1299132039178801	0.050000000000000003	5	5	5
[P0-07-ATTEMPT]	3	EXECUTED	1	72	1	1	COMPLETE	0	0	1	178.592637	178.67517000000001	178.91092	0	1	1142040
[P0-07-RAW-UWB]	4	401	1	200000000	7.0830088120631975	0.050000000000000003	-5	-5	1
[P0-07-RAW-UWB]	4	402	2	200000000	8.1355400600329073	0.050000000000000003	-5	-5	5
[P0-07-RAW-UWB]	4	403	3	200000000	7.0817161602890764	0.050000000000000003	-5	5	1
[P0-07-RAW-UWB]	4	404	4	200000000	8.1334501957369731	0.050000000000000003	-5	5	5
[P0-07-RAW-UWB]	4	405	5	200000000	7.0789043008843429	0.050000000000000003	5	-5	1
[P0-07-RAW-UWB]	4	406	6	200000000	8.1300175443449021	0.050000000000000003	5	-5	5
[P0-07-RAW-UWB]	4	407	7	200000000	7.0749744038796862	0.050000000000000003	5	5	1
[P0-07-RAW-UWB]	4	408	8	200000000	8.1257318447326785	0.050000000000000003	5	5	5
[P0-07-ATTEMPT]	4	EXECUTED	1	96	1	1	COMPLETE	0	0	1	216.11297500000001	216.19839099999999	216.42777799999999	0	1	1142040
[P0-07-RAW-UWB]	5	501	1	250000000	7.0817709556769159	0.050000000000000003	-5	-5	1
[P0-07-RAW-UWB]	5	502	2	250000000	8.1335241673040652	0.050000000000000003	-5	-5	5
[P0-07-RAW-UWB]	5	503	3	250000000	7.078994786280826	0.050000000000000003	-5	5	1
[P0-07-RAW-UWB]	5	504	4	250000000	8.1301212868629378	0.050000000000000003	-5	5	5
[P0-07-RAW-UWB]	5	505	5	250000000	7.0750876696673464	0.050000000000000003	5	-5	1
[P0-07-RAW-UWB]	5	506	6	250000000	8.1258505571809962	0.050000000000000003	5	-5	5
[P0-07-RAW-UWB]	5	507	7	250000000	7.0706070370114125	0.050000000000000003	5	5	1
[P0-07-RAW-UWB]	5	508	8	250000000	8.1213212863746751	0.050000000000000003	5	5	5
[P0-07-ATTEMPT]	5	EXECUTED	1	120	1	1	COMPLETE	0	0	1	322.10244399999999	322.22252099999997	322.43309599999998	0	1	1142040
[P0-07-RAW-UWB]	6	601	1	300000000	7.0790844789864735	0.050000000000000003	-5	-5	1
[P0-07-RAW-UWB]	6	602	2	300000000	8.1302244210978181	0.050000000000000003	-5	-5	5
[P0-07-RAW-UWB]	6	603	3	300000000	7.075200533472576	0.050000000000000003	-5	5	1
[P0-07-RAW-UWB]	6	604	4	300000000	8.1259690884155695	0.050000000000000003	-5	5	5
[P0-07-RAW-UWB]	6	605	5	300000000	7.0707269695548725	0.050000000000000003	5	-5	1
[P0-07-RAW-UWB]	6	606	6	300000000	8.1214383036713116	0.050000000000000003	5	-5	5
[P0-07-RAW-UWB]	6	607	7	300000000	7.0663020338580438	0.050000000000000003	5	5	1
[P0-07-RAW-UWB]	6	608	8	300000000	8.1172784772267566	0.050000000000000003	5	5	5
[P0-07-ATTEMPT]	6	EXECUTED	1	144	1	1	COMPLETE	0	0	1	531.21574999999996	531.32158000000004	531.53171099999997	0	1	1142040
[P0-07-RAW-UWB]	7	701	1	350000000	7.0753129840090896	0.050000000000000003	-5	-5	1
[P0-07-RAW-UWB]	7	702	2	350000000	8.1260874265833749	0.050000000000000003	-5	-5	5
[P0-07-RAW-UWB]	7	703	3	350000000	7.0708469361822788	0.050000000000000003	-5	5	1
[P0-07-RAW-UWB]	7	704	4	350000000	8.1215555809758797	0.050000000000000003	-5	5	5
[P0-07-RAW-UWB]	7	705	5	350000000	7.066412400850175	0.050000000000000003	5	-5	1
[P0-07-RAW-UWB]	7	706	6	350000000	8.1173779616295683	0.050000000000000003	5	-5	5
[P0-07-RAW-UWB]	7	707	7	350000000	7.0626420564007057	0.050000000000000003	5	5	1
[P0-07-RAW-UWB]	7	708	8	350000000	8.1141505925414208	0.050000000000000003	5	5	5
[P0-07-ATTEMPT]	7	EXECUTED	1	168	1	1	COMPLETE	0	0	1	737.62794199999996	737.71709999999996	737.95663999999999	0	1	1142040
[P0-07-RAW-UWB]	8	801	1	400000000	7.0709669248970695	0.050000000000000003	-5	-5	1
[P0-07-RAW-UWB]	8	802	2	400000000	8.1216731065607455	0.050000000000000003	-5	-5	5
[P0-07-RAW-UWB]	8	803	3	400000000	7.0665232333795274	0.050000000000000003	-5	5	1
[P0-07-RAW-UWB]	8	804	4	400000000	8.1174781120711295	0.050000000000000003	-5	5	5
[P0-07-RAW-UWB]	8	805	5	400000000	7.0627279201868776	0.050000000000000003	5	-5	1
[P0-07-RAW-UWB]	8	806	6	400000000	8.1142190793031883	0.050000000000000003	5	-5	5
[P0-07-RAW-UWB]	8	807	7	400000000	7.0601224654185186	0.050000000000000003	5	5	1
[P0-07-RAW-UWB]	8	808	8	400000000	8.1123609768372589	0.050000000000000003	5	5	5
[P0-07-ATTEMPT]	8	EXECUTED	1	192	1	1	COMPLETE	0	0	1	1023.195321	1023.285251	1023.518781	0	1	1142040
[P0-07-RAW-UWB]	9	901	1	450000000	7.0666345203629417	0.050000000000000003	-5	-5	1
[P0-07-RAW-UWB]	9	902	2	450000000	8.1175789185364806	0.050000000000000003	-5	-5	5
[P0-07-RAW-UWB]	9	903	3	450000000	7.0628146179552678	0.050000000000000003	-5	5	1
[P0-07-RAW-UWB]	9	904	4	450000000	8.1142885479893057	0.050000000000000003	-5	5	5
[P0-07-RAW-UWB]	9	905	5	450000000	7.0601722047380786	0.050000000000000003	5	-5	1
[P0-07-RAW-UWB]	9	906	6	450000000	8.1123891965960606	0.050000000000000003	5	-5	5
[P0-07-RAW-UWB]	9	907	7	450000000	7.059084275730986	0.050000000000000003	5	5	1
[P0-07-RAW-UWB]	9	908	8	450000000	8.1121518462043607	0.050000000000000003	5	5	5
[P0-07-ATTEMPT]	9	EXECUTED	1	216	1	1	COMPLETE	0	0	1	1371.9358030000001	1372.046662	1372.3456309999999	0	1	1220056
[P0-07-RAW-UWB]	10	1001	1	500000000	7.0629021410361714	0.050000000000000003	-5	-5	1
[P0-07-RAW-UWB]	10	1002	2	500000000	8.1143589916529617	0.050000000000000003	-5	-5	5
[P0-07-RAW-UWB]	10	1003	3	500000000	7.0602230336092715	0.050000000000000003	-5	5	1
[P0-07-RAW-UWB]	10	1004	4	500000000	8.1124185812659597	0.050000000000000003	-5	5	5
[P0-07-RAW-UWB]	10	1005	5	500000000	7.0590911586003688	0.050000000000000003	5	-5	1
[P0-07-RAW-UWB]	10	1006	6	500000000	8.1121359795482295	0.050000000000000003	5	-5	5
[P0-07-RAW-UWB]	10	1007	7	500000000	7.0596680014419464	0.050000000000000003	5	5	1
[P0-07-RAW-UWB]	10	1008	8	500000000	8.1135515054928131	0.050000000000000003	5	5	5
[P0-07-ATTEMPT]	10	EXECUTED	1	240	1	1	COMPLETE	0	0	1	1774.2780049999999	1774.3905890000001	1774.6399650000001	0	1	1220056
[P0-07-RAW-UWB]	11	1101	1	550000000	7.0602749469492529	0.050000000000000003	-5	-5	1
[P0-07-RAW-UWB]	11	1102	2	550000000	8.1124491279085138	0.050000000000000003	-5	-5	5
[P0-07-RAW-UWB]	11	1103	3	550000000	7.0590992391250982	0.050000000000000003	-5	5	1
[P0-07-RAW-UWB]	11	1104	4	550000000	8.1121213031246899	0.050000000000000003	-5	5	5
[P0-07-RAW-UWB]	11	1105	5	550000000	7.0596310962970712	0.050000000000000003	5	-5	1
[P0-07-RAW-UWB]	11	1106	6	550000000	8.1134936998992231	0.050000000000000003	5	-5	5
[P0-07-RAW-UWB]	11	1107	7	550000000	7.0617946380148036	0.050000000000000003	5	5	1
[P0-07-RAW-UWB]	11	1108	8	550000000	8.1163705173840217	0.050000000000000003	5	5	5
[P0-07-ATTEMPT]	11	EXECUTED	1	264	1	1	COMPLETE	0	0	1	1858.759429	1858.8628530000001	1859.1017119999999	0	1	1220056
[P0-07-RAW-UWB]	12	1201	1	600000000	7.0591085164971279	0.050000000000000003	-5	-5	1
[P0-07-RAW-UWB]	12	1202	2	600000000	8.1121078184013697	0.050000000000000003	-5	-5	5
[P0-07-RAW-UWB]	12	1203	3	600000000	7.0595953348142224	0.050000000000000003	-5	5	1
[P0-07-RAW-UWB]	12	1204	4	600000000	8.113436948767319	0.050000000000000003	-5	5	5
[P0-07-RAW-UWB]	12	1205	5	600000000	7.0617189397938986	0.050000000000000003	5	-5	1
[P0-07-RAW-UWB]	12	1206	6	600000000	8.1162785965688862	0.050000000000000003	5	-5	5
[P0-07-RAW-UWB]	12	1207	7	600000000	7.0651763551659243	0.050000000000000003	5	5	1
[P0-07-RAW-UWB]	12	1208	8	600000000	8.1202273418430959	0.050000000000000003	5	5	5
[P0-07-ATTEMPT]	12	EXECUTED	1	288	1	1	COMPLETE	0	0	1	1819.40744	1819.4963969999999	1819.7245849999999	0	1	1220056
[P0-07-RAW-UWB]	13	1301	1	650000000	7.0595607205695181	0.050000000000000003	-5	-5	1
[P0-07-RAW-UWB]	13	1302	2	650000000	8.1133812577721685	0.050000000000000003	-5	-5	5
[P0-07-RAW-UWB]	13	1303	3	650000000	7.0616441764524103	0.050000000000000003	-5	5	1
[P0-07-RAW-UWB]	13	1304	4	650000000	8.1161874517280914	0.050000000000000003	-5	5	5
[P0-07-RAW-UWB]	13	1305	5	650000000	7.0650721092680726	0.050000000000000003	5	-5	1
[P0-07-RAW-UWB]	13	1306	6	650000000	8.1201137468575233	0.050000000000000003	5	-5	5
[P0-07-RAW-UWB]	13	1307	7	650000000	7.0693554533432561	0.050000000000000003	5	5	1
[P0-07-RAW-UWB]	13	1308	8	650000000	8.1245999757726803	0.050000000000000003	5	5	5
[P0-07-ATTEMPT]	13	EXECUTED	1	312	1	1	COMPLETE	0	0	1	1942.7920160000001	1942.8913150000001	1943.116325	0	1	1220056
[P0-07-RAW-UWB]	14	1401	1	700000000	7.0615703554666096	0.050000000000000003	-5	-5	1
[P0-07-RAW-UWB]	14	1402	2	700000000	8.1160970919760445	0.050000000000000003	-5	-5	5
[P0-07-RAW-UWB]	14	1403	3	700000000	7.0649684629354841	0.050000000000000003	-5	5	1
[P0-07-RAW-UWB]	14	1404	4	700000000	8.1200005443344594	0.050000000000000003	-5	5	5
[P0-07-RAW-UWB]	14	1405	5	700000000	7.0692367689616926	0.050000000000000003	5	-5	1
[P0-07-RAW-UWB]	14	1406	6	700000000	8.1244800811650713	0.050000000000000003	5	-5	5
[P0-07-RAW-UWB]	14	1407	7	700000000	7.0737663112135341	0.050000000000000003	5	5	1
[P0-07-RAW-UWB]	14	1408	8	700000000	8.1288966036833603	0.050000000000000003	5	5	5
[P0-07-ATTEMPT]	14	EXECUTED	1	336	1	1	COMPLETE	0	0	1	2166.1106500000001	2166.2105809999998	2166.4440079999999	0	1	1220056
[P0-07-RAW-UWB]	15	1501	1	750000000	7.0648654265327062	0.050000000000000003	-5	-5	1
[P0-07-RAW-UWB]	15	1502	2	750000000	8.1198877455940597	0.050000000000000003	-5	-5	5
[P0-07-RAW-UWB]	15	1503	3	750000000	7.0691182676828941	0.050000000000000003	-5	5	1
[P0-07-RAW-UWB]	15	1504	4	750000000	8.1243601423901755	0.050000000000000003	-5	5	5
[P0-07-RAW-UWB]	15	1505	5	750000000	7.0736492517225296	0.050000000000000003	5	-5	1
[P0-07-RAW-UWB]	15	1506	6	750000000	8.1287866366264012	0.050000000000000003	5	-5	5
[P0-07-RAW-UWB]	15	1507	7	750000000	7.077811939856284	0.050000000000000003	5	5	1
[P0-07-RAW-UWB]	15	1508	8	750000000	8.1325356971438154	0.050000000000000003	5	5	5
[P0-07-ATTEMPT]	15	EXECUTED	1	360	1	1	COMPLETE	0	0	1	2359.7468899999999	2359.8660129999998	2360.6452210000002	0	1	1220056
[P0-07-RAW-UWB]	16	1601	1	800000000	7.0689999613568881	0.050000000000000003	-5	-5	1
[P0-07-RAW-UWB]	16	1602	2	800000000	8.1242401714417731	0.050000000000000003	-5	-5	5
[P0-07-RAW-UWB]	16	1603	3	800000000	7.0735319340896901	0.050000000000000003	-5	5	1
[P0-07-RAW-UWB]	16	1604	4	800000000	8.1286761947501986	0.050000000000000003	-5	5	5
[P0-07-RAW-UWB]	16	1605	5	800000000	7.0777123487087952	0.050000000000000003	5	-5	1
[P0-07-RAW-UWB]	16	1606	6	800000000	8.1324505411627879	0.050000000000000003	5	-5	5
[P0-07-RAW-UWB]	16	1607	7	800000000	7.0809447824136136	0.050000000000000003	5	5	1
[P0-07-RAW-UWB]	16	1608	8	800000000	8.1350247219259337	0.050000000000000003	5	5	5
[P0-07-ATTEMPT]	16	EXECUTED	1	384	1	1	COMPLETE	0	0	1	2782.4197939999999	2782.6213990000001	2782.9777610000001	0	1	1220056
[P0-07-RAW-UWB]	17	1701	1	850000000	7.0734143700466818	0.050000000000000003	-5	-5	1
[P0-07-RAW-UWB]	17	1702	2	850000000	8.1285652890988516	0.050000000000000003	-5	-5	5
[P0-07-RAW-UWB]	17	1703	3	850000000	7.0776120931131592	0.050000000000000003	-5	5	1
[P0-07-RAW-UWB]	17	1704	4	850000000	8.1323645439751182	0.050000000000000003	-5	5	5
[P0-07-RAW-UWB]	17	1705	5	850000000	7.0808761388042498	0.050000000000000003	5	-5	1
[P0-07-RAW-UWB]	17	1706	6	850000000	8.1349759024833848	0.050000000000000003	5	-5	5
[P0-07-RAW-UWB]	17	1707	7	850000000	7.082740823342216	0.050000000000000003	5	5	1
[P0-07-RAW-UWB]	17	1708	8	850000000	8.1360268002019982	0.050000000000000003	5	5	5
[P0-07-ATTEMPT]	17	EXECUTED	1	408	1	1	COMPLETE	0	0	1	3496.3754739999999	3496.4961579999999	3496.8558990000001	0	1	1220056
[P0-07-RAW-UWB]	18	1801	1	900000000	7.0775111830948516	0.050000000000000003	-5	-5	1
[P0-07-RAW-UWB]	18	1802	2	900000000	8.1322777141804519	0.050000000000000003	-5	-5	5
[P0-07-RAW-UWB]	18	1803	3	900000000	7.0808065143703649	0.050000000000000003	-5	5	1
[P0-07-RAW-UWB]	18	1804	4	900000000	8.1349259893001662	0.050000000000000003	-5	5	5
[P0-07-RAW-UWB]	18	1805	5	900000000	7.0827124178614822	0.050000000000000003	5	-5	1
[P0-07-RAW-UWB]	18	1806	6	900000000	8.1360209247804569	0.050000000000000003	5	-5	5
[P0-07-RAW-UWB]	18	1807	7	900000000	7.0829569769280134	0.050000000000000003	5	5	1
[P0-07-RAW-UWB]	18	1808	8	900000000	8.1354063053783072	0.050000000000000003	5	5	5
[P0-07-ATTEMPT]	18	EXECUTED	1	432	1	1	COMPLETE	0	0	1	4631.1019699999997	4631.226138	4631.5018010000003	0	1	1220056
[P0-07-RAW-UWB]	19	1901	1	950000000	7.0807359160743459	0.050000000000000003	-5	-5	1
[P0-07-RAW-UWB]	19	1902	2	950000000	8.1348749873675548	0.050000000000000003	-5	-5	5
[P0-07-RAW-UWB]	19	1903	3	950000000	7.0826828479298536	0.050000000000000003	-5	5	1
[P0-07-RAW-UWB]	19	1904	4	950000000	8.1360138511168838	0.050000000000000003	-5	5	5
[P0-07-RAW-UWB]	19	1905	5	950000000	7.0829726541244717	0.050000000000000003	5	-5	1
[P0-07-RAW-UWB]	19	1906	6	950000000	8.1354441691885118	0.050000000000000003	5	-5	5
[P0-07-RAW-UWB]	19	1907	7	950000000	7.0815639877971908	0.050000000000000003	5	5	1
[P0-07-RAW-UWB]	19	1908	8	950000000	8.1332472185183704	0.050000000000000003	5	5	5
[P0-07-ATTEMPT]	19	EXECUTED	1	456	1	1	COMPLETE	0	0	1	6280.1363369999999	6280.2562779999998	6280.544038	0	1	1220056
[P0-07-RAW-UWB]	20	2001	1	1000000000	7.0826521165042973	0.050000000000000003	-5	-5	1
[P0-07-RAW-UWB]	20	2002	2	1000000000	8.1360055799186437	0.050000000000000003	-5	-5	5
[P0-07-RAW-UWB]	20	2003	3	1000000000	7.0829871408466252	0.050000000000000003	-5	5	1
[P0-07-RAW-UWB]	20	2004	4	1000000000	8.135480892431767	0.050000000000000003	-5	5	5
[P0-07-RAW-UWB]	20	2005	5	1000000000	7.0816216258358455	0.050000000000000003	5	-5	1
[P0-07-RAW-UWB]	20	2006	6	1000000000	8.1333236968712406	0.050000000000000003	5	-5	5
[P0-07-RAW-UWB]	20	2007	7	1000000000	7.0787503904937985	0.050000000000000003	5	5	1
[P0-07-RAW-UWB]	20	2008	8	1000000000	8.1298417618999501	0.050000000000000003	5	5	5
[P0-07-ATTEMPT]	20	EXECUTED	1	480	1	1	COMPLETE	0	0	1	8190.3180199999997	8190.4708190000001	8190.8671340000001	0	1	1220056
[P0-07-RAW-UWB]	21	2101	1	1050000000	7.0830004356458129	0.050000000000000003	-5	-5	1
[P0-07-RAW-UWB]	21	2102	2	1050000000	8.1355164714357784	0.050000000000000003	-5	-5	5
[P0-07-RAW-UWB]	21	2103	3	1050000000	7.0816782085018986	0.050000000000000003	-5	5	1
[P0-07-RAW-UWB]	21	2104	4	1050000000	8.1333992467026253	0.050000000000000003	-5	5	5
[P0-07-RAW-UWB]	21	2105	5	1050000000	7.0788421883365098	0.050000000000000003	5	-5	1
[P0-07-RAW-UWB]	21	2106	6	1050000000	8.1299465038091991	0.050000000000000003	5	-5	5
[P0-07-RAW-UWB]	21	2107	7	1050000000	7.0748969922136675	0.050000000000000003	5	5	1
[P0-07-RAW-UWB]	21	2108	8	1050000000	8.1256508481006282	0.050000000000000003	5	5	5
[P0-07-ATTEMPT]	21	EXECUTED	1	504	1	1	COMPLETE	0	0	1	10912.715529999999	10912.868852	10913.165734	0	1	1220056
[P0-07-RAW-UWB]	22	2201	1	1100000000	7.0817337301371293	0.050000000000000003	-5	-5	1
[P0-07-RAW-UWB]	22	2202	2	1100000000	8.1334738604576042	0.050000000000000003	-5	-5	5
[P0-07-RAW-UWB]	22	2203	3	1100000000	7.0789332087480528	0.050000000000000003	-5	5	1
[P0-07-RAW-UWB]	22	2204	4	1100000000	8.1300506549134557	0.050000000000000003	-5	5	5
[P0-07-RAW-UWB]	22	2205	5	1100000000	7.0750105254530675	0.050000000000000003	5	-5	1
[P0-07-RAW-UWB]	22	2206	6	1100000000	8.125769677240207	0.050000000000000003	5	-5	5
[P0-07-RAW-UWB]	22	2207	7	1100000000	7.0705253323369064	0.050000000000000003	5	5	1
[P0-07-RAW-UWB]	22	2208	8	1100000000	8.1212416976426773	0.050000000000000003	5	5	5
[P0-07-ATTEMPT]	22	EXECUTED	1	504	1	1	COMPLETE	0	0	1	4790.743246	4790.9044960000001	4791.2222869999996	0	1	1225204
[P0-07-RAW-UWB]	23	2301	1	1150000000	9.0790234426264611	0.050000000000000003	-5	-5	1
[P0-07-RAW-UWB]	23	2302	2	1150000000	8.1301542047976945	0.050000000000000003	-5	-5	5
[P0-07-RAW-UWB]	23	2303	3	1150000000	7.0751236644243951	0.050000000000000003	-5	5	1
[P0-07-RAW-UWB]	23	2304	4	1150000000	8.1258883332539682	0.050000000000000003	-5	5	5
[P0-07-RAW-UWB]	23	2305	5	1150000000	7.0706452347816509	0.050000000000000003	5	-5	1
[P0-07-RAW-UWB]	23	2306	6	1150000000	8.1213585310459955	0.050000000000000003	5	-5	5
[P0-07-RAW-UWB]	23	2307	7	1150000000	7.0662270945194505	0.050000000000000003	5	5	1
[P0-07-RAW-UWB]	23	2308	8	1150000000	8.1172110683563208	0.050000000000000003	5	5	5
[P0-07-ATTEMPT]	23	EXECUTED	0	504	6	6	COMPLETE	0	0	1	11025.436401999999	11025.545968	11035.304093000001	0	1	1333496
[P0-07-RAW-UWB]	24	2401	1	1200000000	7.0752363978138453	0.050000000000000003	-5	-5	1
[P0-07-RAW-UWB]	24	2402	2	1200000000	8.1260068042764093	0.050000000000000003	-5	-5	5
[P0-07-RAW-UWB]	24	2403	3	1200000000	7.0707651794837512	0.050000000000000003	-5	5	1
[P0-07-RAW-UWB]	24	2404	4	1200000000	8.1214756324344393	0.050000000000000003	-5	5	5
[P0-07-RAW-UWB]	24	2405	5	1200000000	7.0663371379361308	0.050000000000000003	5	-5	1
[P0-07-RAW-UWB]	24	2406	6	1200000000	8.1173100931703317	0.050000000000000003	5	-5	5
[P0-07-RAW-UWB]	24	2407	7	1200000000	7.0625840250859468	0.050000000000000003	5	5	1
[P0-07-RAW-UWB]	24	2408	8	1200000000	8.1141044870069337	0.050000000000000003	5	5	5
[P0-07-ATTEMPT]	24	EXECUTED	1	504	1	1	COMPLETE	0	0	1	2770.9718349999998	2771.5797659999998	2771.8593129999999	0	1	1333496
[P0-07-ACTION]	1	ACTION_SEARCH_OCCURRENCE_V1			POST_COMPLETE	1	0	0	0	1	165	169	6.6666666666666675e-06	1280.2272185850252	inf	inf	inf	0	11824233672260740934	14136643986028737716
[P0-07-ACTION]	2	ACTION_SEARCH_OCCURRENCE_V1	22002;23002	23002210;23010	PL_COMPLETE	1	0	1	0	1	165	167	6.6666666666666675e-06	2.0227414390738327	268.67303710632956	inf	inf	0	6783955753290990759	1757193323089046110
[P0-07-ACTION]	3	ACTION_SEARCH_OCCURRENCE_V1	23002	23010	PL_COMPLETE	1	0	1	0	1	165	168	6.6666666666666675e-06	2.0294960565818134	269.93166811300756	inf	inf	0	16717190260169534781	4939535661217978687
[P0-07-ACTION]	4	ACTION_SEARCH_OCCURRENCE_V1	23002	23010	PL_COMPLETE	1	0	1	0	1	165	168	6.6666666666666675e-06	2.0294960565818134	269.93166811300756	inf	inf	0	1410061999526092429	4939535661217978687
[P0-07-ACTION]	5	ACTION_SEARCH_OCCURRENCE_V1	23002	23010	PL_COMPLETE	1	0	1	0	1	165	168	6.6666666666666675e-06	2.0294960565818134	269.93166811300756	inf	inf	0	14282574883039885057	4939535661217978687
[P0-07-ACTION]	6	ACTION_SEARCH_OCCURRENCE_V1	22002;23002	23002210;23010	PL_COMPLETE	1	0	1	1	1	165	167	6.6666666666666675e-06	2.0227414390738327	268.67303710632956	inf	inf	0	2094977543751407466	13541396446389895608
[P0-07-CONTRACT]	alarm_epoch=23	generated=6	kernel_evaluated=6	expected_modes=504	represented_modes=504	evaluated_modes=504	expected_pairs=0	represented_pairs=0	evaluated_pairs=0	selected_action=0	batch_committed=0	terminal_semantic_digest=2095395924847106241	terminal_timing_digest=4716817814620251658	formal_eligible=0	protected_output=0	exception_semantic_digest=14520030921107668164	exception_backend_updates=1	exception_backend_poisoned=1	exception_publish_outcome=NOT_ATTEMPTED
[       OK ] P007CorrectedExhaustive.SameRawReplayDrivesProductionBuilderGeneratorAndFinalRefusal (97176 ms)
[ RUN      ] P007CorrectedExhaustive.ProductionPipelineFailsClosedWithoutCalibration
[       OK ] P007CorrectedExhaustive.ProductionPipelineFailsClosedWithoutCalibration (18 ms)
[ RUN      ] P007CorrectedExhaustive.MissingProvenanceCensusIsRetainedAndRefused
[       OK ] P007CorrectedExhaustive.MissingProvenanceCensusIsRetainedAndRefused (6382 ms)
[----------] 8 tests from P007CorrectedExhaustive (103751 ms total)

[----------] Global test environment tear-down
[==========] 8 tests from 1 test suite ran. (103753 ms total)
[  PASSED  ] 8 tests.
	Command being timed: "/tmp/p106-asan-ubsan.ywLLH5/devel/lib/uwb_imu_pl/test_p0_07_corrected_exhaustive"
	User time (seconds): 103.76
	System time (seconds): 13.65
	Percent of CPU this job got: 112%
	Elapsed (wall clock) time (h:mm:ss or m:ss): 1:44.19
	Average shared text size (kbytes): 0
	Average unshared data size (kbytes): 0
	Average stack size (kbytes): 0
	Average total size (kbytes): 0
	Maximum resident set size (kbytes): 1492204
	Average resident set size (kbytes): 0
	Major (requiring I/O) page faults: 53
	Minor (reclaiming a frame) page faults: 6977591
	Voluntary context switches: 22807
	Involuntary context switches: 638
	Swaps: 0
	File system inputs: 0
	File system outputs: 0
	Socket messages sent: 0
	Socket messages received: 0
	Signals delivered: 0
	Page size (bytes): 4096
	Exit status: 0
Note: Google Test filter = IntegrityV2Window.RejectsFixedLagWithoutMaturityMargin:P101IdentityIndexing.ImmutableInvalidWindowWithoutNumericsIsAdmittedOnlyToFailClosed:P103ProofArena.ScopedAttemptFreezesSelfContainedBundleAndLegacyPathRemainsCompatible:P104ProofOwnership.BatchArenaHighWaterTracksCapacityAndOnlyWinnerReachesMainArena
[==========] Running 4 tests from 4 test suites.
[----------] Global test environment set-up.
[----------] 1 test from P103ProofArena
[ RUN      ] P103ProofArena.ScopedAttemptFreezesSelfContainedBundleAndLegacyPathRemainsCompatible
[       OK ] P103ProofArena.ScopedAttemptFreezesSelfContainedBundleAndLegacyPathRemainsCompatible (14 ms)
[----------] 1 test from P103ProofArena (14 ms total)

[----------] 1 test from P104ProofOwnership
[ RUN      ] P104ProofOwnership.BatchArenaHighWaterTracksCapacityAndOnlyWinnerReachesMainArena
[       OK ] P104ProofOwnership.BatchArenaHighWaterTracksCapacityAndOnlyWinnerReachesMainArena (93 ms)
[----------] 1 test from P104ProofOwnership (93 ms total)

[----------] 1 test from IntegrityV2Window
[ RUN      ] IntegrityV2Window.RejectsFixedLagWithoutMaturityMargin
[       OK ] IntegrityV2Window.RejectsFixedLagWithoutMaturityMargin (31 ms)
[----------] 1 test from IntegrityV2Window (31 ms total)

[----------] 1 test from P101IdentityIndexing
[ RUN      ] P101IdentityIndexing.ImmutableInvalidWindowWithoutNumericsIsAdmittedOnlyToFailClosed
[       OK ] P101IdentityIndexing.ImmutableInvalidWindowWithoutNumericsIsAdmittedOnlyToFailClosed (1 ms)
[----------] 1 test from P101IdentityIndexing (1 ms total)

[----------] Global test environment tear-down
[==========] 4 tests from 4 test suites ran. (139 ms total)
[  PASSED  ] 4 tests.
